
> react-example@0.0.0 test:unit
> node --import tsx --test "src/**/*.test.ts"

TAP version 13
# Subtest: canGenerateSummary evaluates correctly
ok 1 - canGenerateSummary evaluates correctly
  ---
  duration_ms: 1.006354
  type: 'test'
  ...
# Subtest: appTabs
    # Subtest: APP_TABS has all required tabs
    ok 1 - APP_TABS has all required tabs
      ---
      duration_ms: 1.618989
      type: 'test'
      ...
    # Subtest: VALID_TAB_IDS has all ids
    ok 2 - VALID_TAB_IDS has all ids
      ---
      duration_ms: 0.269498
      type: 'test'
      ...
    # Subtest: isValidTabId returns true for valid tabs
    ok 3 - isValidTabId returns true for valid tabs
      ---
      duration_ms: 0.343749
      type: 'test'
      ...
    # Subtest: isValidTabId returns false for invalid tabs
    ok 4 - isValidTabId returns false for invalid tabs
      ---
      duration_ms: 0.287891
      type: 'test'
      ...
    # Subtest: No duplicate tab IDs
    ok 5 - No duplicate tab IDs
      ---
      duration_ms: 0.218516
      type: 'test'
      ...
    # Subtest: resolveActiveTab resolves paths correctly
    ok 6 - resolveActiveTab resolves paths correctly
      ---
      duration_ms: 0.298389
      type: 'test'
      ...
    1..6
ok 2 - appTabs
  ---
  duration_ms: 4.764394
  type: 'suite'
  ...
# Subtest: isIgnoredFolderName
ok 3 - isIgnoredFolderName
  ---
  duration_ms: 1.345545
  type: 'test'
  ...
# Subtest: isIgnoredPath
ok 4 - isIgnoredPath
  ---
  duration_ms: 0.296997
  type: 'test'
  ...
# Subtest: traversal queue sorting logic
ok 5 - traversal queue sorting logic
  ---
  duration_ms: 10.83672
  type: 'test'
  ...
# Failed to load drive token from sessionStorage SyntaxError: Expected property name or '}' in JSON at position 2 (line 1 column 3)
#     at JSON.parse (<anonymous>)
#     at loadDriveTokenState (/app/applet/src/lib/driveToken.ts:37:24)
#     at TestContext.<anonymous> (/app/applet/src/lib/driveToken.test.ts:86:27)
#     at Test.runInAsyncScope (node:async_hooks:214:14)
#     at Test.run (node:internal/test_runner/test:1047:25)
#     at Test.processPendingSubtests (node:internal/test_runner/test:744:18)
#     at Test.postRun (node:internal/test_runner/test:1173:19)
#     at Test.run (node:internal/test_runner/test:1101:12)
#     at async startSubtestAfterBootstrap (node:internal/test_runner/harness:296:3)
# Failed to load drive token from sessionStorage SyntaxError: Unexpected token 'i', "invalid{json" is not valid JSON
#     at JSON.parse (<anonymous>)
#     at loadDriveTokenState (/app/applet/src/lib/driveToken.ts:37:24)
#     at <anonymous> (/app/applet/src/lib/driveToken.test.ts:95:20)
#     at getActual (node:assert:609:5)
#     at Function.doesNotThrow (node:assert:777:32)
#     at TestContext.<anonymous> (/app/applet/src/lib/driveToken.test.ts:94:10)
#     at Test.runInAsyncScope (node:async_hooks:214:14)
#     at Test.run (node:internal/test_runner/test:1047:25)
#     at Test.processPendingSubtests (node:internal/test_runner/test:744:18)
#     at Test.postRun (node:internal/test_runner/test:1173:19)
# Subtest: Drive token state lifecycle
ok 6 - Drive token state lifecycle
  ---
  duration_ms: 1.376888
  type: 'test'
  ...
# Subtest: Drive token state expiration and parsing
ok 7 - Drive token state expiration and parsing
  ---
  duration_ms: 3.311066
  type: 'test'
  ...
# Subtest: Drive token handles malformed JSON without throwing
ok 8 - Drive token handles malformed JSON without throwing
  ---
  duration_ms: 0.783635
  type: 'test'
  ...
# Subtest: Drive token missing item
ok 9 - Drive token missing item
  ---
  duration_ms: 0.229765
  type: 'test'
  ...
# Subtest: isDriveTokenLikelyExpired handles null
ok 10 - isDriveTokenLikelyExpired handles null
  ---
  duration_ms: 0.187692
  type: 'test'
  ...
# Subtest: getDriveAuthHeaders returns Authorization Bearer header
ok 11 - getDriveAuthHeaders returns Authorization Bearer header
  ---
  duration_ms: 0.213214
  type: 'test'
  ...
# Subtest: resolvePathAndDepth resolves paths and depths correctly
ok 12 - resolvePathAndDepth resolves paths and depths correctly
  ---
  duration_ms: 1.183016
  type: 'test'
  ...
# Subtest: resolvePathAndDepth handles self-cycles
ok 13 - resolvePathAndDepth handles self-cycles
  ---
  duration_ms: 0.224859
  type: 'test'
  ...
# Subtest: runWithExplicitResult classifies promise outcomes correctly
ok 14 - runWithExplicitResult classifies promise outcomes correctly
  ---
  duration_ms: 56.620362
  type: 'test'
  ...
# Subtest: Gemini Error Classification and Parsing
    # Subtest: should classify standard HTTP 429 as providerRateLimited
    ok 1 - should classify standard HTTP 429 as providerRateLimited
      ---
      duration_ms: 2.105143
      type: 'test'
      ...
    # Subtest: should classify RESOURCE_EXHAUSTED with 429 as providerRateLimited
    ok 2 - should classify RESOURCE_EXHAUSTED with 429 as providerRateLimited
      ---
      duration_ms: 0.324517
      type: 'test'
      ...
    # Subtest: should classify RESOURCE_EXHAUSTED without 429 as providerQuotaExceeded
    ok 3 - should classify RESOURCE_EXHAUSTED without 429 as providerQuotaExceeded
      ---
      duration_ms: 0.260361
      type: 'test'
      ...
    # Subtest: should classify QUOTA_EXCEEDED message as quotaExceeded
    ok 4 - should classify QUOTA_EXCEEDED message as quotaExceeded
      ---
      duration_ms: 0.252699
      type: 'test'
      ...
    # Subtest: should classify rate limit keywords as rateLimited/quotaExceeded
    ok 5 - should classify rate limit keywords as rateLimited/quotaExceeded
      ---
      duration_ms: 0.260061
      type: 'test'
      ...
    # Subtest: should classify UNAVAILABLE and INVALID_ARGUMENT correctly
    ok 6 - should classify UNAVAILABLE and INVALID_ARGUMENT correctly
      ---
      duration_ms: 0.285427
      type: 'test'
      ...
    # Subtest: should extract RetryInfo from details arrays
    ok 7 - should extract RetryInfo from details arrays
      ---
      duration_ms: 0.447387
      type: 'test'
      ...
    # Subtest: should extract RetryInfo from parsed message JSON
    ok 8 - should extract RetryInfo from parsed message JSON
      ---
      duration_ms: 0.346583
      type: 'test'
      ...
    # Subtest: should extract retry-after from plain header object and Headers.get()
    ok 9 - should extract retry-after from plain header object and Headers.get()
      ---
      duration_ms: 0.501188
      type: 'test'
      ...
    # Subtest: should cap retryAfterMs at 5 minutes
    ok 10 - should cap retryAfterMs at 5 minutes
      ---
      duration_ms: 0.544051
      type: 'test'
      ...
    # Subtest: should instantiate ProviderError with correct properties
    ok 11 - should instantiate ProviderError with correct properties
      ---
      duration_ms: 0.299077
      type: 'test'
      ...
    1..11
ok 15 - Gemini Error Classification and Parsing
  ---
  duration_ms: 9.586122
  type: 'suite'
  ...
# Subtest: ignoreRules helper behaves correctly
ok 16 - ignoreRules helper behaves correctly
  ---
  duration_ms: 2.688441
  type: 'test'
  ...
# Subtest: buildAutoGeneratedIndexSection constructs correct format
ok 17 - buildAutoGeneratedIndexSection constructs correct format
  ---
  duration_ms: 1.273619
  type: 'test'
  ...
# Subtest: buildAutoGeneratedIndexSection handles empty files and subdirs
ok 18 - buildAutoGeneratedIndexSection handles empty files and subdirs
  ---
  duration_ms: 0.247548
  type: 'test'
  ...
# Subtest: buildAutoGeneratedIndexSection does not emit undefined or null
ok 19 - buildAutoGeneratedIndexSection does not emit undefined or null
  ---
  duration_ms: 0.210236
  type: 'test'
  ...
# Subtest: buildAutoGeneratedIndexSection deterministic output for fixed nowIso
ok 20 - buildAutoGeneratedIndexSection deterministic output for fixed nowIso
  ---
  duration_ms: 0.247559
  type: 'test'
  ...
# Subtest: index.md hybrid merge helper
    # Subtest: buildAutoGeneratedBlock wraps content correctly or preserves if already wrapped
    ok 1 - buildAutoGeneratedBlock wraps content correctly or preserves if already wrapped
      ---
      duration_ms: 1.150805
      type: 'test'
      ...
    # Subtest: hasAutoGeneratedBlock and extractAutoGeneratedBlock verify presence and extract correctly
    ok 2 - hasAutoGeneratedBlock and extractAutoGeneratedBlock verify presence and extract correctly
      ---
      duration_ms: 0.217723
      type: 'test'
      ...
    # Subtest: stripUnsafePreviewMetadata filters secret tokens and credentials perfectly
    ok 3 - stripUnsafePreviewMetadata filters secret tokens and credentials perfectly
      ---
      duration_ms: 0.266454
      type: 'test'
      ...
    # Subtest: replaces existing auto-generated block and preserves user notes before and after
    ok 4 - replaces existing auto-generated block and preserves user notes before and after
      ---
      duration_ms: 0.508286
      type: 'test'
      ...
    # Subtest: appends block only when allowAppendIfMissing is true
    ok 5 - appends block only when allowAppendIfMissing is true
      ---
      duration_ms: 0.40881
      type: 'test'
      ...
    # Subtest: refuses malformed markers or reversed marker order
    ok 6 - refuses malformed markers or reversed marker order
      ---
      duration_ms: 0.425731
      type: 'test'
      ...
    # Subtest: refuses empty generated content
    ok 7 - refuses empty generated content
      ---
      duration_ms: 0.306071
      type: 'test'
      ...
    1..7
ok 21 - index.md hybrid merge helper
  ---
  duration_ms: 4.839166
  type: 'suite'
  ...
# Subtest: mergeIndexMd hybrid-merges content correctly
ok 22 - mergeIndexMd hybrid-merges content correctly
  ---
  duration_ms: 1.372434
  type: 'test'
  ...
# Subtest: indexMdMerge marker constants are stable
ok 23 - indexMdMerge marker constants are stable
  ---
  duration_ms: 0.20199
  type: 'test'
  ...
# Subtest: indexMdMerge preserves multiple unrelated sections
ok 24 - indexMdMerge preserves multiple unrelated sections
  ---
  duration_ms: 0.198649
  type: 'test'
  ...
# Subtest: indexMdPreflight pure helper
    # Subtest: returns missing-index when no candidates
    ok 1 - returns missing-index when no candidates
      ---
      duration_ms: 1.286628
      type: 'test'
      ...
    # Subtest: returns multiple-index-candidates when multiple files match
    ok 2 - returns multiple-index-candidates when multiple files match
      ---
      duration_ms: 0.21178
      type: 'test'
      ...
    # Subtest: returns read-error if single candidate but existingMarkdown is null
    ok 3 - returns read-error if single candidate but existingMarkdown is null
      ---
      duration_ms: 0.165039
      type: 'test'
      ...
    # Subtest: returns merge-ready when successfully replaced existing block
    ok 4 - returns merge-ready when successfully replaced existing block
      ---
      duration_ms: 0.705621
      type: 'test'
      ...
    # Subtest: returns merge-blocked if missing markers and not allowing append
    ok 5 - returns merge-blocked if missing markers and not allowing append
      ---
      duration_ms: 0.259166
      type: 'test'
      ...
    # Subtest: returns merge-ready if missing markers but allowing append
    ok 6 - returns merge-ready if missing markers but allowing append
      ---
      duration_ms: 0.300805
      type: 'test'
      ...
    1..6
ok 25 - indexMdPreflight pure helper
  ---
  duration_ms: 4.672749
  type: 'suite'
  ...
# Subtest: indexMdPreview generation
    # Subtest: handles empty directory cleanly with instruction placeholder
    ok 1 - handles empty directory cleanly with instruction placeholder
      ---
      duration_ms: 1.156867
      type: 'test'
      ...
    # Subtest: handles directory with saved file summaries, missing names, stale/invalid metadata, empty subjectAreas, unknown types
    ok 2 - handles directory with saved file summaries, missing names, stale/invalid metadata, empty subjectAreas, unknown types
      ---
      duration_ms: 0.428528
      type: 'test'
      ...
    1..2
ok 26 - indexMdPreview generation
  ---
  duration_ms: 2.850572
  type: 'suite'
  ...
# Subtest: Model Capabilities Registry
    # Subtest: gemini-3.5-flash uses nativeSchema
    ok 1 - gemini-3.5-flash uses nativeSchema
      ---
      duration_ms: 1.145002
      type: 'test'
      ...
    # Subtest: gemini-2.5-flash uses nativeSchema
    ok 2 - gemini-2.5-flash uses nativeSchema
      ---
      duration_ms: 0.20805
      type: 'test'
      ...
    # Subtest: gemini-3.1-flash-lite uses nativeSchema
    ok 3 - gemini-3.1-flash-lite uses nativeSchema
      ---
      duration_ms: 0.17065
      type: 'test'
      ...
    # Subtest: gemini-3.1-pro-preview uses nativeSchema
    ok 4 - gemini-3.1-pro-preview uses nativeSchema
      ---
      duration_ms: 0.135162
      type: 'test'
      ...
    # Subtest: gemini-flash-latest uses nativeSchema
    ok 5 - gemini-flash-latest uses nativeSchema
      ---
      duration_ms: 0.187341
      type: 'test'
      ...
    # Subtest: gemma-4-31b-it uses promptedJson
    ok 6 - gemma-4-31b-it uses promptedJson
      ---
      duration_ms: 0.336372
      type: 'test'
      ...
    # Subtest: unknown model uses promptedJson
    ok 7 - unknown model uses promptedJson
      ---
      duration_ms: 0.314856
      type: 'test'
      ...
    1..7
ok 27 - Model Capabilities Registry
  ---
  duration_ms: 5.145547
  type: 'test'
  ...
# Subtest: Proposal A: Static Performance Analyzer detects known anti-patterns
ok 28 - Proposal A: Static Performance Analyzer detects known anti-patterns
  ---
  duration_ms: 2.115979
  type: 'test'
  ...
# ⚠️ [Performance Static Analysis Report]
# [WARNING] src/App.tsx:100 (PREVENT_SET_STATE_LOOP_HAZARD)
#   Message: State setter 'setUser' is called on the direct execution path of the component, which can trigger an immediate re-render and infinite loop.
#   Code:    setUser(firebaseUser);
# --------------------------------------------------------------------------------
# [WARNING] src/App.tsx:201 (PREVENT_SET_STATE_LOOP_HAZARD)
#   Message: State setter 'setUser' is called on the direct execution path of the component, which can trigger an immediate re-render and infinite loop.
#   Code:    setUser(null);
# --------------------------------------------------------------------------------
# [WARNING] src/App.tsx:101 (PREVENT_SET_STATE_LOOP_HAZARD)
#   Message: State setter 'setAuthLoading' is called on the direct execution path of the component, which can trigger an immediate re-render and infinite loop.
#   Code:    setAuthLoading(false);
# --------------------------------------------------------------------------------
# [WARNING] src/App.tsx:160 (PREVENT_SET_STATE_LOOP_HAZARD)
#   Message: State setter 'setAuthLoading' is called on the direct execution path of the component, which can trigger an immediate re-render and infinite loop.
#   Code:    setAuthLoading(true);
# --------------------------------------------------------------------------------
# [WARNING] src/App.tsx:188 (PREVENT_SET_STATE_LOOP_HAZARD)
#   Message: State setter 'setAuthLoading' is called on the direct execution path of the component, which can trigger an immediate re-render and infinite loop.
#   Code:    setAuthLoading(false);
# --------------------------------------------------------------------------------
# [WARNING] src/App.tsx:96 (PREVENT_SET_STATE_LOOP_HAZARD)
#   Message: State setter 'setGoogleAccessToken' is called on the direct execution path of the component, which can trigger an immediate re-render and infinite loop.
#   Code:    setGoogleAccessToken(state.accessToken);
# --------------------------------------------------------------------------------
# [WARNING] src/App.tsx:171 (PREVENT_SET_STATE_LOOP_HAZARD)
#   Message: State setter 'setGoogleAccessToken' is called on the direct execution path of the component, which can trigger an immediate re-render and infinite loop.
#   Code:    setGoogleAccessToken(accessToken);
# --------------------------------------------------------------------------------
# [WARNING] src/App.tsx:199 (PREVENT_SET_STATE_LOOP_HAZARD)
#   Message: State setter 'setGoogleAccessToken' is called on the direct execution path of the component, which can trigger an immediate re-render and infinite loop.
#   Code:    setGoogleAccessToken(null);
# --------------------------------------------------------------------------------
# [WARNING] src/App.tsx:211 (PREVENT_SET_STATE_LOOP_HAZARD)
#   Message: State setter 'setGoogleAccessToken' is called on the direct execution path of the component, which can trigger an immediate re-render and infinite loop.
#   Code:    setGoogleAccessToken(null);
# --------------------------------------------------------------------------------
# [WARNING] src/App.tsx:222 (PREVENT_SET_STATE_LOOP_HAZARD)
#   Message: State setter 'setConfig' is called on the direct execution path of the component, which can trigger an immediate re-render and infinite loop.
#   Code:    setConfig({ ...defaultAppConfig, ...savedConfig });
# --------------------------------------------------------------------------------
# [WARNING] src/App.tsx:245 (PREVENT_SET_STATE_LOOP_HAZARD)
#   Message: State setter 'setConfig' is called on the direct execution path of the component, which can trigger an immediate re-render and infinite loop.
#   Code:    setConfig(newConfig);
# --------------------------------------------------------------------------------
# [WARNING] src/App.tsx:109 (PREVENT_SET_STATE_LOOP_HAZARD)
#   Message: State setter 'setConfigLoading' is called on the direct execution path of the component, which can trigger an immediate re-render and infinite loop.
#   Code:    setConfigLoading(false);
# --------------------------------------------------------------------------------
# [WARNING] src/App.tsx:227 (PREVENT_SET_STATE_LOOP_HAZARD)
#   Message: State setter 'setConfigLoading' is called on the direct execution path of the component, which can trigger an immediate re-render and infinite loop.
#   Code:    setConfigLoading(false);
# --------------------------------------------------------------------------------
# [WARNING] src/App.tsx:150 (PREVENT_SET_STATE_LOOP_HAZARD)
#   Message: State setter 'setLogs' is called on the direct execution path of the component, which can trigger an immediate re-render and infinite loop.
#   Code:    setLogs([]);
# --------------------------------------------------------------------------------
# [WARNING] src/App.tsx:161 (PREVENT_SET_STATE_LOOP_HAZARD)
#   Message: State setter 'setAuthError' is called on the direct execution path of the component, which can trigger an immediate re-render and infinite loop.
#   Code:    setAuthError(null);
# --------------------------------------------------------------------------------
# [WARNING] src/App.tsx:181 (PREVENT_SET_STATE_LOOP_HAZARD)
#   Message: State setter 'setAuthError' is called on the direct execution path of the component, which can trigger an immediate re-render and infinite loop.
#   Code:    setAuthError("【重要】 iframe内でポップアップがブロックされました。「新しいタブで開く」アイコンからアプリを開き直してログインしてください。");
# --------------------------------------------------------------------------------
# [WARNING] src/App.tsx:183 (PREVENT_SET_STATE_LOOP_HAZARD)
#   Message: State setter 'setAuthError' is called on the direct execution path of the component, which can trigger an immediate re-render and infinite loop.
#   Code:    setAuthError("ネットワークエラーが発生しました。インターネット接続を確認するか、広告ブロック（AdBlock等）を無効にしてから再度お試しください。");
# --------------------------------------------------------------------------------
# [WARNING] src/App.tsx:185 (PREVENT_SET_STATE_LOOP_HAZARD)
#   Message: State setter 'setAuthError' is called on the direct execution path of the component, which can trigger an immediate re-render and infinite loop.
#   Code:    setAuthError(`ログイン認証に失敗しました。詳細: ${formatErrorMessage(err)}`);
# --------------------------------------------------------------------------------
# [WARNING] src/App.tsx:197 (PREVENT_SET_STATE_LOOP_HAZARD)
#   Message: State setter 'setAuthError' is called on the direct execution path of the component, which can trigger an immediate re-render and infinite loop.
#   Code:    setAuthError(null);
# --------------------------------------------------------------------------------
# [WARNING] src/App.tsx:212 (PREVENT_SET_STATE_LOOP_HAZARD)
#   Message: State setter 'setAuthError' is called on the direct execution path of the component, which can trigger an immediate re-render and infinite loop.
#   Code:    setAuthError("Google認証の有効期限が切れました。安全のため再度ログインしてください。");
# --------------------------------------------------------------------------------
# [WARNING] src/App.tsx:332 (PREVENT_SET_STATE_LOOP_HAZARD)
#   Message: State setter 'setShowProfileMenu' is called on the direct execution path of the component, which can trigger an immediate re-render and infinite loop.
#   Code:    setShowProfileMenu(false);
# --------------------------------------------------------------------------------
# [WARNING] src/components/CacheStatsTab.tsx:19 (PREVENT_SET_STATE_LOOP_HAZARD)
#   Message: State setter 'setLabel' is called on the direct execution path of the component, which can trigger an immediate re-render and infinite loop.
#   Code:    setLabel('-');
# --------------------------------------------------------------------------------
# [WARNING] src/components/CacheStatsTab.tsx:50 (PREVENT_SET_STATE_LOOP_HAZARD)
#   Message: State setter 'setHighlight' is called on the direct execution path of the component, which can trigger an immediate re-render and infinite loop.
#   Code:    setHighlight(true);
# --------------------------------------------------------------------------------
# [WARNING] src/components/CacheStatsTab.tsx:93 (PREVENT_SET_STATE_LOOP_HAZARD)
#   Message: State setter 'setLoading' is called on the direct execution path of the component, which can trigger an immediate re-render and infinite loop.
#   Code:    setLoading(false);
# --------------------------------------------------------------------------------
# [WARNING] src/components/CacheStatsTab.tsx:89 (PREVENT_SET_STATE_LOOP_HAZARD)
#   Message: State setter 'setError' is called on the direct execution path of the component, which can trigger an immediate re-render and infinite loop.
#   Code:    setError(null);
# --------------------------------------------------------------------------------
# [WARNING] src/components/CacheStatsTab.tsx:91 (PREVENT_SET_STATE_LOOP_HAZARD)
#   Message: State setter 'setError' is called on the direct execution path of the component, which can trigger an immediate re-render and infinite loop.
#   Code:    setError(err.message);
# --------------------------------------------------------------------------------
# [WARNING] src/components/CacheStatsTab.tsx:107 (PREVENT_SET_STATE_LOOP_HAZARD)
#   Message: State setter 'setResetting' is called on the direct execution path of the component, which can trigger an immediate re-render and infinite loop.
#   Code:    setResetting(true);
# --------------------------------------------------------------------------------
# [WARNING] src/components/CacheStatsTab.tsx:115 (PREVENT_SET_STATE_LOOP_HAZARD)
#   Message: State setter 'setResetting' is called on the direct execution path of the component, which can trigger an immediate re-render and infinite loop.
#   Code:    setResetting(false);
# --------------------------------------------------------------------------------
# [WARNING] src/components/CacheStatsTab.tsx:88 (PREVENT_SET_STATE_LOOP_HAZARD)
#   Message: State setter 'setLastFetchedAt' is called on the direct execution path of the component, which can trigger an immediate re-render and infinite loop.
#   Code:    setLastFetchedAt(new Date());
# --------------------------------------------------------------------------------
# [WARNING] src/components/DeveloperDocs.tsx:63 (PREVENT_SET_STATE_LOOP_HAZARD)
#   Message: State setter 'setActiveTab' is called on the direct execution path of the component, which can trigger an immediate re-render and infinite loop.
#   Code:    setActiveTab('schema');
# --------------------------------------------------------------------------------
# [WARNING] src/components/DeveloperDocs.tsx:64 (PREVENT_SET_STATE_LOOP_HAZARD)
#   Message: State setter 'setSelectedSchema' is called on the direct execution path of the component, which can trigger an immediate re-render and infinite loop.
#   Code:    setSelectedSchema(schema.id);
# --------------------------------------------------------------------------------
# [WARNING] src/components/DriveDashboard.tsx:392 (PREVENT_SET_STATE_LOOP_HAZARD)
#   Message: State setter 'setDirs' is called on the direct execution path of the component, which can trigger an immediate re-render and infinite loop.
#   Code:    setDirs(freshDirs);
# --------------------------------------------------------------------------------
# [WARNING] src/components/DriveDashboard.tsx:346 (PREVENT_SET_STATE_LOOP_HAZARD)
#   Message: State setter 'setLoading' is called on the direct execution path of the component, which can trigger an immediate re-render and infinite loop.
#   Code:    setLoading(true);
# --------------------------------------------------------------------------------
# [WARNING] src/components/DriveDashboard.tsx:427 (PREVENT_SET_STATE_LOOP_HAZARD)
#   Message: State setter 'setLoading' is called on the direct execution path of the component, which can trigger an immediate re-render and infinite loop.
#   Code:    setLoading(false);
# --------------------------------------------------------------------------------
# [WARNING] src/components/DriveDashboard.tsx:431 (PREVENT_SET_STATE_LOOP_HAZARD)
#   Message: State setter 'setLoading' is called on the direct execution path of the component, which can trigger an immediate re-render and infinite loop.
#   Code:    setLoading(false);
# --------------------------------------------------------------------------------
# [WARNING] src/components/DriveDashboard.tsx:448 (PREVENT_SET_STATE_LOOP_HAZARD)
#   Message: State setter 'setLoading' is called on the direct execution path of the component, which can trigger an immediate re-render and infinite loop.
#   Code:    setLoading(false);
# --------------------------------------------------------------------------------
# [WARNING] src/components/DriveDashboard.tsx:347 (PREVENT_SET_STATE_LOOP_HAZARD)
#   Message: State setter 'setIsInitialSyncing' is called on the direct execution path of the component, which can trigger an immediate re-render and infinite loop.
#   Code:    setIsInitialSyncing(true);
# --------------------------------------------------------------------------------
# [WARNING] src/components/DriveDashboard.tsx:362 (PREVENT_SET_STATE_LOOP_HAZARD)
#   Message: State setter 'setIsInitialSyncing' is called on the direct execution path of the component, which can trigger an immediate re-render and infinite loop.
#   Code:    setIsInitialSyncing(false);
# --------------------------------------------------------------------------------
# [WARNING] src/components/DriveDashboard.tsx:428 (PREVENT_SET_STATE_LOOP_HAZARD)
#   Message: State setter 'setIsInitialSyncing' is called on the direct execution path of the component, which can trigger an immediate re-render and infinite loop.
#   Code:    setIsInitialSyncing(false);
# --------------------------------------------------------------------------------
# [WARNING] src/components/DriveDashboard.tsx:432 (PREVENT_SET_STATE_LOOP_HAZARD)
#   Message: State setter 'setIsInitialSyncing' is called on the direct execution path of the component, which can trigger an immediate re-render and infinite loop.
#   Code:    setIsInitialSyncing(false);
# --------------------------------------------------------------------------------
# [WARNING] src/components/DriveDashboard.tsx:449 (PREVENT_SET_STATE_LOOP_HAZARD)
#   Message: State setter 'setIsInitialSyncing' is called on the direct execution path of the component, which can trigger an immediate re-render and infinite loop.
#   Code:    setIsInitialSyncing(false);
# --------------------------------------------------------------------------------
# [WARNING] src/components/DriveDashboard.tsx:649 (PREVENT_SET_STATE_LOOP_HAZARD)
#   Message: State setter 'setIsCrawlActive' is called on the direct execution path of the component, which can trigger an immediate re-render and infinite loop.
#   Code:    setIsCrawlActive(true);
# --------------------------------------------------------------------------------
# [WARNING] src/components/DriveDashboard.tsx:1132 (PREVENT_SET_STATE_LOOP_HAZARD)
#   Message: State setter 'setIsCrawlActive' is called on the direct execution path of the component, which can trigger an immediate re-render and infinite loop.
#   Code:    setIsCrawlActive(false);
# --------------------------------------------------------------------------------
# [WARNING] src/components/DriveDashboard.tsx:480 (PREVENT_SET_STATE_LOOP_HAZARD)
#   Message: State setter 'setNextPageToken' is called on the direct execution path of the component, which can trigger an immediate re-render and infinite loop.
#   Code:    setNextPageToken(parsed.nextPageToken || null);
# --------------------------------------------------------------------------------
# [WARNING] src/components/DriveDashboard.tsx:496 (PREVENT_SET_STATE_LOOP_HAZARD)
#   Message: State setter 'setNextPageToken' is called on the direct execution path of the component, which can trigger an immediate re-render and infinite loop.
#   Code:    setNextPageToken(stateData.nextPageToken || null);
# --------------------------------------------------------------------------------
# [WARNING] src/components/DriveDashboard.tsx:542 (PREVENT_SET_STATE_LOOP_HAZARD)
#   Message: State setter 'setNextPageToken' is called on the direct execution path of the component, which can trigger an immediate re-render and infinite loop.
#   Code:    setNextPageToken(nextToken);
# --------------------------------------------------------------------------------
# [WARNING] src/components/DriveDashboard.tsx:502 (PREVENT_SET_STATE_LOOP_HAZARD)
#   Message: State setter 'setRootNextPageToken' is called on the direct execution path of the component, which can trigger an immediate re-render and infinite loop.
#   Code:    setRootNextPageToken(stateData.root_next_page_token || null);
# --------------------------------------------------------------------------------
# [WARNING] src/components/DriveDashboard.tsx:481 (PREVENT_SET_STATE_LOOP_HAZARD)
#   Message: State setter 'setLastGlobalSyncAt' is called on the direct execution path of the component, which can trigger an immediate re-render and infinite loop.
#   Code:    setLastGlobalSyncAt(parsed.last_traversed_at || null);
# --------------------------------------------------------------------------------
# [WARNING] src/components/DriveDashboard.tsx:497 (PREVENT_SET_STATE_LOOP_HAZARD)
#   Message: State setter 'setLastGlobalSyncAt' is called on the direct execution path of the component, which can trigger an immediate re-render and infinite loop.
#   Code:    setLastGlobalSyncAt(stateData.last_traversed_at || null);
# --------------------------------------------------------------------------------
# [WARNING] src/components/DriveDashboard.tsx:543 (PREVENT_SET_STATE_LOOP_HAZARD)
#   Message: State setter 'setLastGlobalSyncAt' is called on the direct execution path of the component, which can trigger an immediate re-render and infinite loop.
#   Code:    setLastGlobalSyncAt(lastSyncAt);
# --------------------------------------------------------------------------------
# [WARNING] src/components/DriveDashboard.tsx:501 (PREVENT_SET_STATE_LOOP_HAZARD)
#   Message: State setter 'setRootLastTraversedAt' is called on the direct execution path of the component, which can trigger an immediate re-render and infinite loop.
#   Code:    setRootLastTraversedAt(stateData.root_last_traversed_at || null);
# --------------------------------------------------------------------------------
# [WARNING] src/components/DriveDashboard.tsx:708 (PREVENT_SET_STATE_LOOP_HAZARD)
#   Message: State setter 'setCurrentTaskName' is called on the direct execution path of the component, which can trigger an immediate re-render and infinite loop.
#   Code:    setCurrentTaskName((item.path || "").split('/').pop() || item.drive_id);
# --------------------------------------------------------------------------------
# [WARNING] src/components/DriveDashboard.tsx:709 (PREVENT_SET_STATE_LOOP_HAZARD)
#   Message: State setter 'setCurrentTaskPath' is called on the direct execution path of the component, which can trigger an immediate re-render and infinite loop.
#   Code:    setCurrentTaskPath(item.path);
# --------------------------------------------------------------------------------
# [WARNING] src/components/DriveDashboard.tsx:858 (PREVENT_SET_STATE_LOOP_HAZARD)
#   Message: State setter 'setDebugLoading' is called on the direct execution path of the component, which can trigger an immediate re-render and infinite loop.
#   Code:    setDebugLoading(true);
# --------------------------------------------------------------------------------
# [WARNING] src/components/DriveDashboard.tsx:940 (PREVENT_SET_STATE_LOOP_HAZARD)
#   Message: State setter 'setDebugLoading' is called on the direct execution path of the component, which can trigger an immediate re-render and infinite loop.
#   Code:    setDebugLoading(false);
# --------------------------------------------------------------------------------
# [WARNING] src/components/DriveDashboard.tsx:1065 (PREVENT_SET_STATE_LOOP_HAZARD)
#   Message: State setter 'setDebugLoading' is called on the direct execution path of the component, which can trigger an immediate re-render and infinite loop.
#   Code:    setDebugLoading(false);
# --------------------------------------------------------------------------------
# [WARNING] src/components/DriveDashboard.tsx:938 (PREVENT_SET_STATE_LOOP_HAZARD)
#   Message: State setter 'setLastDebugFolder' is called on the direct execution path of the component, which can trigger an immediate re-render and infinite loop.
#   Code:    setLastDebugFolder({ empty: true });
# --------------------------------------------------------------------------------
# [WARNING] src/components/DriveDashboard.tsx:1033 (PREVENT_SET_STATE_LOOP_HAZARD)
#   Message: State setter 'setLastDebugFolder' is called on the direct execution path of the component, which can trigger an immediate re-render and infinite loop.
#   Code:    setLastDebugFolder({
# --------------------------------------------------------------------------------
# [WARNING] src/components/DriveDashboard.tsx:1892 (PREVENT_SET_STATE_LOOP_HAZARD)
#   Message: State setter 'setLastDebugFolder' is called on the direct execution path of the component, which can trigger an immediate re-render and infinite loop.
#   Code:    setLastDebugFolder(null);
# --------------------------------------------------------------------------------
# [WARNING] src/components/DriveDashboard.tsx:1887 (PREVENT_SET_STATE_LOOP_HAZARD)
#   Message: State setter 'setIsTokenInitializing' is called on the direct execution path of the component, which can trigger an immediate re-render and infinite loop.
#   Code:    setIsTokenInitializing(true);
# --------------------------------------------------------------------------------
# [WARNING] src/components/DriveDashboard.tsx:1908 (PREVENT_SET_STATE_LOOP_HAZARD)
#   Message: State setter 'setIsTokenInitializing' is called on the direct execution path of the component, which can trigger an immediate re-render and infinite loop.
#   Code:    setIsTokenInitializing(false);
# --------------------------------------------------------------------------------
# [WARNING] src/components/DriveDashboard.tsx:840 (PREVENT_SET_STATE_LOOP_HAZARD)
#   Message: State setter 'setCopiedDiagnostics' is called on the direct execution path of the component, which can trigger an immediate re-render and infinite loop.
#   Code:    setCopiedDiagnostics(true);
# --------------------------------------------------------------------------------
# [WARNING] src/components/DriveDashboard.tsx:928 (PREVENT_SET_STATE_LOOP_HAZARD)
#   Message: State setter 'setLastCacheHit' is called on the direct execution path of the component, which can trigger an immediate re-render and infinite loop.
#   Code:    setLastCacheHit(true);
# --------------------------------------------------------------------------------
# [WARNING] src/components/DriveDashboard.tsx:932 (PREVENT_SET_STATE_LOOP_HAZARD)
#   Message: State setter 'setLastCacheHit' is called on the direct execution path of the component, which can trigger an immediate re-render and infinite loop.
#   Code:    setLastCacheHit(false);
# --------------------------------------------------------------------------------
# [WARNING] src/components/DriveDashboard.tsx:466 (PREVENT_SET_STATE_LOOP_HAZARD)
#   Message: State setter 'setLastKnownTotal' is called on the direct execution path of the component, which can trigger an immediate re-render and infinite loop.
#   Code:    setLastKnownTotal(filteredDirs.length);
# --------------------------------------------------------------------------------
# [WARNING] src/components/DriveDashboard.tsx:408 (PREVENT_SET_STATE_LOOP_HAZARD)
#   Message: State setter 'setSyncProgress' is called on the direct execution path of the component, which can trigger an immediate re-render and infinite loop.
#   Code:    setSyncProgress({ current: count, lastPath: lastProcessedPath });
# --------------------------------------------------------------------------------
# [WARNING] src/components/DriveDashboard.tsx:482 (PREVENT_SET_STATE_LOOP_HAZARD)
#   Message: State setter 'setIsFullySynced' is called on the direct execution path of the component, which can trigger an immediate re-render and infinite loop.
#   Code:    setIsFullySynced(parsed.is_fully_synced !== false);
# --------------------------------------------------------------------------------
# [WARNING] src/components/DriveDashboard.tsx:498 (PREVENT_SET_STATE_LOOP_HAZARD)
#   Message: State setter 'setIsFullySynced' is called on the direct execution path of the component, which can trigger an immediate re-render and infinite loop.
#   Code:    setIsFullySynced(stateData.is_fully_synced !== false);
# --------------------------------------------------------------------------------
# [WARNING] src/components/DriveDashboard.tsx:544 (PREVENT_SET_STATE_LOOP_HAZARD)
#   Message: State setter 'setIsFullySynced' is called on the direct execution path of the component, which can trigger an immediate re-render and infinite loop.
#   Code:    setIsFullySynced(isComplete);
# --------------------------------------------------------------------------------
# [WARNING] src/components/DriveDashboard.tsx:499 (PREVENT_SET_STATE_LOOP_HAZARD)
#   Message: State setter 'setIgnoredFolderNames' is called on the direct execution path of the component, which can trigger an immediate re-render and infinite loop.
#   Code:    setIgnoredFolderNames(stateData.ignored_folder_names || []);
# --------------------------------------------------------------------------------
# [WARNING] src/components/DriveDashboard.tsx:651 (PREVENT_SET_STATE_LOOP_HAZARD)
#   Message: State setter 'setCrawlStats' is called on the direct execution path of the component, which can trigger an immediate re-render and infinite loop.
#   Code:    setCrawlStats({ discovered: 0, skipped: 0, ignored: 0, removed: 0 });
# --------------------------------------------------------------------------------
# [WARNING] src/components/DriveDashboard.tsx:947 (PREVENT_SET_STATE_LOOP_HAZARD)
#   Message: State setter 'setDebugSaveStatus' is called on the direct execution path of the component, which can trigger an immediate re-render and infinite loop.
#   Code:    setDebugSaveStatus("pending");
# --------------------------------------------------------------------------------
# [WARNING] src/components/DriveDashboard.tsx:997 (PREVENT_SET_STATE_LOOP_HAZARD)
#   Message: State setter 'setDebugSaveStatus' is called on the direct execution path of the component, which can trigger an immediate re-render and infinite loop.
#   Code:    setDebugSaveStatus("failed");
# --------------------------------------------------------------------------------
# [WARNING] src/components/DriveDashboard.tsx:1000 (PREVENT_SET_STATE_LOOP_HAZARD)
#   Message: State setter 'setDebugSaveStatus' is called on the direct execution path of the component, which can trigger an immediate re-render and infinite loop.
#   Code:    setDebugSaveStatus("timeout");
# --------------------------------------------------------------------------------
# [WARNING] src/components/DriveDashboard.tsx:1003 (PREVENT_SET_STATE_LOOP_HAZARD)
#   Message: State setter 'setDebugSaveStatus' is called on the direct execution path of the component, which can trigger an immediate re-render and infinite loop.
#   Code:    setDebugSaveStatus("confirmed");
# --------------------------------------------------------------------------------
# [WARNING] src/components/DriveDashboard.tsx:1007 (PREVENT_SET_STATE_LOOP_HAZARD)
#   Message: State setter 'setDebugSaveStatus' is called on the direct execution path of the component, which can trigger an immediate re-render and infinite loop.
#   Code:    setDebugSaveStatus("confirmed");
# --------------------------------------------------------------------------------
# [WARNING] src/components/DriveDashboard.tsx:1010 (PREVENT_SET_STATE_LOOP_HAZARD)
#   Message: State setter 'setDebugSaveStatus' is called on the direct execution path of the component, which can trigger an immediate re-render and infinite loop.
#   Code:    setDebugSaveStatus("failed");
# --------------------------------------------------------------------------------
# [WARNING] src/components/DriveDashboard.tsx:310 (PREVENT_SET_STATE_LOOP_HAZARD)
#   Message: State setter 'setIsCountingDirectories' is called on the direct execution path of the component, which can trigger an immediate re-render and infinite loop.
#   Code:    setIsCountingDirectories(true);
# --------------------------------------------------------------------------------
# [WARNING] src/components/DriveDashboard.tsx:322 (PREVENT_SET_STATE_LOOP_HAZARD)
#   Message: State setter 'setIsCountingDirectories' is called on the direct execution path of the component, which can trigger an immediate re-render and infinite loop.
#   Code:    setIsCountingDirectories(false);
# --------------------------------------------------------------------------------
# [WARNING] src/components/DriveDashboard.tsx:600 (PREVENT_SET_STATE_LOOP_HAZARD)
#   Message: State setter 'setNewIgnoreName' is called on the direct execution path of the component, which can trigger an immediate re-render and infinite loop.
#   Code:    setNewIgnoreName("");
# --------------------------------------------------------------------------------
# [WARNING] src/components/DriveDashboard.tsx:607 (PREVENT_SET_STATE_LOOP_HAZARD)
#   Message: State setter 'setNewIgnoreName' is called on the direct execution path of the component, which can trigger an immediate re-render and infinite loop.
#   Code:    setNewIgnoreName("");
# --------------------------------------------------------------------------------
# [WARNING] src/components/DriveDashboard.tsx:604 (PREVENT_SET_STATE_LOOP_HAZARD)
#   Message: State setter 'setIsSavingIgnore' is called on the direct execution path of the component, which can trigger an immediate re-render and infinite loop.
#   Code:    setIsSavingIgnore(true);
# --------------------------------------------------------------------------------
# [WARNING] src/components/DriveDashboard.tsx:608 (PREVENT_SET_STATE_LOOP_HAZARD)
#   Message: State setter 'setIsSavingIgnore' is called on the direct execution path of the component, which can trigger an immediate re-render and infinite loop.
#   Code:    setIsSavingIgnore(false);
# --------------------------------------------------------------------------------
# [WARNING] src/components/DriveDashboard.tsx:613 (PREVENT_SET_STATE_LOOP_HAZARD)
#   Message: State setter 'setIsSavingIgnore' is called on the direct execution path of the component, which can trigger an immediate re-render and infinite loop.
#   Code:    setIsSavingIgnore(true);
# --------------------------------------------------------------------------------
# [WARNING] src/components/DriveDashboard.tsx:616 (PREVENT_SET_STATE_LOOP_HAZARD)
#   Message: State setter 'setIsSavingIgnore' is called on the direct execution path of the component, which can trigger an immediate re-render and infinite loop.
#   Code:    setIsSavingIgnore(false);
# --------------------------------------------------------------------------------
# [WARNING] src/components/DriveDashboard.tsx:220 (PREVENT_SET_STATE_LOOP_HAZARD)
#   Message: State setter 'setIsDiagnosingPermissions' is called on the direct execution path of the component, which can trigger an immediate re-render and infinite loop.
#   Code:    setIsDiagnosingPermissions(true);
# --------------------------------------------------------------------------------
# [WARNING] src/components/DriveDashboard.tsx:304 (PREVENT_SET_STATE_LOOP_HAZARD)
#   Message: State setter 'setIsDiagnosingPermissions' is called on the direct execution path of the component, which can trigger an immediate re-render and infinite loop.
#   Code:    setIsDiagnosingPermissions(false);
# --------------------------------------------------------------------------------
# [WARNING] src/components/DriveDashboard.tsx:316 (PREVENT_SET_STATE_LOOP_HAZARD)
#   Message: State setter 'setFirestoreDirCount' is called on the direct execution path of the component, which can trigger an immediate re-render and infinite loop.
#   Code:    setFirestoreDirCount(count);
# --------------------------------------------------------------------------------
# [WARNING] src/components/DriveDashboard.tsx:317 (PREVENT_SET_STATE_LOOP_HAZARD)
#   Message: State setter 'setLastDirCountAt' is called on the direct execution path of the component, which can trigger an immediate re-render and infinite loop.
#   Code:    setLastDirCountAt(new Date());
# --------------------------------------------------------------------------------
# [WARNING] src/components/DriveDashboard.tsx:212 (PREVENT_SET_STATE_LOOP_HAZARD)
#   Message: State setter 'setPermissionAuditResult' is called on the direct execution path of the component, which can trigger an immediate re-render and infinite loop.
#   Code:    setPermissionAuditResult({
# --------------------------------------------------------------------------------
# [WARNING] src/components/DriveDashboard.tsx:221 (PREVENT_SET_STATE_LOOP_HAZARD)
#   Message: State setter 'setPermissionAuditResult' is called on the direct execution path of the component, which can trigger an immediate re-render and infinite loop.
#   Code:    setPermissionAuditResult(null);
# --------------------------------------------------------------------------------
# [WARNING] src/components/DriveDashboard.tsx:263 (PREVENT_SET_STATE_LOOP_HAZARD)
#   Message: State setter 'setPermissionAuditResult' is called on the direct execution path of the component, which can trigger an immediate re-render and infinite loop.
#   Code:    setPermissionAuditResult({
# --------------------------------------------------------------------------------
# [WARNING] src/components/DriveDashboard.tsx:270 (PREVENT_SET_STATE_LOOP_HAZARD)
#   Message: State setter 'setPermissionAuditResult' is called on the direct execution path of the component, which can trigger an immediate re-render and infinite loop.
#   Code:    setPermissionAuditResult({
# --------------------------------------------------------------------------------
# [WARNING] src/components/DriveDashboard.tsx:278 (PREVENT_SET_STATE_LOOP_HAZARD)
#   Message: State setter 'setPermissionAuditResult' is called on the direct execution path of the component, which can trigger an immediate re-render and infinite loop.
#   Code:    setPermissionAuditResult({
# --------------------------------------------------------------------------------
# [WARNING] src/components/DriveDashboard.tsx:297 (PREVENT_SET_STATE_LOOP_HAZARD)
#   Message: State setter 'setPermissionAuditResult' is called on the direct execution path of the component, which can trigger an immediate re-render and infinite loop.
#   Code:    setPermissionAuditResult({
# --------------------------------------------------------------------------------
# [WARNING] src/components/DriveDashboard.tsx:687 (PREVENT_SET_STATE_LOOP_HAZARD)
#   Message: State setter 'setIsIndexActive' is called on the direct execution path of the component, which can trigger an immediate re-render and infinite loop.
#   Code:    setIsIndexActive(true);
# --------------------------------------------------------------------------------
# [WARNING] src/components/DriveDashboard.tsx:814 (PREVENT_SET_STATE_LOOP_HAZARD)
#   Message: State setter 'setIsIndexActive' is called on the direct execution path of the component, which can trigger an immediate re-render and infinite loop.
#   Code:    setIsIndexActive(false);
# --------------------------------------------------------------------------------
# [WARNING] src/components/DriveDashboard.tsx:1137 (PREVENT_SET_STATE_LOOP_HAZARD)
#   Message: State setter 'setIsIndexActive' is called on the direct execution path of the component, which can trigger an immediate re-render and infinite loop.
#   Code:    setIsIndexActive(false);
# --------------------------------------------------------------------------------
# [WARNING] src/components/DriveDashboard.tsx:706 (PREVENT_SET_STATE_LOOP_HAZARD)
#   Message: State setter 'setCurrentIndexingId' is called on the direct execution path of the component, which can trigger an immediate re-render and infinite loop.
#   Code:    setCurrentIndexingId(item.drive_id);
# --------------------------------------------------------------------------------
# [WARNING] src/components/DriveDashboard.tsx:815 (PREVENT_SET_STATE_LOOP_HAZARD)
#   Message: State setter 'setCurrentIndexingId' is called on the direct execution path of the component, which can trigger an immediate re-render and infinite loop.
#   Code:    setCurrentIndexingId(null);
# --------------------------------------------------------------------------------
# [WARNING] src/components/DriveDashboard.tsx:693 (PREVENT_SET_STATE_LOOP_HAZARD)
#   Message: State setter 'setIndexingProgress' is called on the direct execution path of the component, which can trigger an immediate re-render and infinite loop.
#   Code:    setIndexingProgress({ current: 0, total: sortedDirs.length });
# --------------------------------------------------------------------------------
# [WARNING] src/components/DriveDashboard.tsx:707 (PREVENT_SET_STATE_LOOP_HAZARD)
#   Message: State setter 'setIndexingProgress' is called on the direct execution path of the component, which can trigger an immediate re-render and infinite loop.
#   Code:    setIndexingProgress({ current: i + 1, total: sortedDirs.length });
# --------------------------------------------------------------------------------
# [WARNING] src/components/DriveDashboard.tsx:816 (PREVENT_SET_STATE_LOOP_HAZARD)
#   Message: State setter 'setIndexingProgress' is called on the direct execution path of the component, which can trigger an immediate re-render and infinite loop.
#   Code:    setIndexingProgress(null);
# --------------------------------------------------------------------------------
# [WARNING] src/components/DriveLogs.tsx:82 (PREVENT_SET_STATE_LOOP_HAZARD)
#   Message: State setter 'setCopied' is called on the direct execution path of the component, which can trigger an immediate re-render and infinite loop.
#   Code:    setCopied(true);
# --------------------------------------------------------------------------------
# [WARNING] src/components/DriveLogs.tsx:62 (PREVENT_SET_STATE_LOOP_HAZARD)
#   Message: State setter 'setConfirming' is called on the direct execution path of the component, which can trigger an immediate re-render and infinite loop.
#   Code:    setConfirming(true);
# --------------------------------------------------------------------------------
# [WARNING] src/components/DriveLogs.tsx:66 (PREVENT_SET_STATE_LOOP_HAZARD)
#   Message: State setter 'setConfirming' is called on the direct execution path of the component, which can trigger an immediate re-render and infinite loop.
#   Code:    setConfirming(false);
# --------------------------------------------------------------------------------
# [WARNING] src/components/ImageExperiment.tsx:62 (PREVENT_SET_STATE_LOOP_HAZARD)
#   Message: State setter 'setUrl' is called on the direct execution path of the component, which can trigger an immediate re-render and infinite loop.
#   Code:    setUrl(objectUrl);
# --------------------------------------------------------------------------------
# [WARNING] src/components/ImageExperiment.tsx:64 (PREVENT_SET_STATE_LOOP_HAZARD)
#   Message: State setter 'setError' is called on the direct execution path of the component, which can trigger an immediate re-render and infinite loop.
#   Code:    setError(err.message);
# --------------------------------------------------------------------------------
# [WARNING] src/components/ImageExperiment.tsx:683 (PREVENT_SET_STATE_LOOP_HAZARD)
#   Message: State setter 'setSamples' is called on the direct execution path of the component, which can trigger an immediate re-render and infinite loop.
#   Code:    setSamples(data);
# --------------------------------------------------------------------------------
# [WARNING] src/components/ImageExperiment.tsx:686 (PREVENT_SET_STATE_LOOP_HAZARD)
#   Message: State setter 'setSelectedSampleId' is called on the direct execution path of the component, which can trigger an immediate re-render and infinite loop.
#   Code:    setSelectedSampleId(savedId);
# --------------------------------------------------------------------------------
# [WARNING] src/components/ImageExperiment.tsx:688 (PREVENT_SET_STATE_LOOP_HAZARD)
#   Message: State setter 'setSelectedSampleId' is called on the direct execution path of the component, which can trigger an immediate re-render and infinite loop.
#   Code:    setSelectedSampleId(data[0].id);
# --------------------------------------------------------------------------------
# [WARNING] src/components/ImageExperiment.tsx:708 (PREVENT_SET_STATE_LOOP_HAZARD)
#   Message: State setter 'setSelectedSampleId' is called on the direct execution path of the component, which can trigger an immediate re-render and infinite loop.
#   Code:    setSelectedSampleId(savedId);
# --------------------------------------------------------------------------------
# [WARNING] src/components/ImageExperiment.tsx:710 (PREVENT_SET_STATE_LOOP_HAZARD)
#   Message: State setter 'setSelectedSampleId' is called on the direct execution path of the component, which can trigger an immediate re-render and infinite loop.
#   Code:    setSelectedSampleId(samples[0].id);
# --------------------------------------------------------------------------------
# [WARNING] src/components/ImageExperiment.tsx:2132 (PREVENT_SET_STATE_LOOP_HAZARD)
#   Message: State setter 'setSelectedSampleId' is called on the direct execution path of the component, which can trigger an immediate re-render and infinite loop.
#   Code:    setSelectedSampleId(s.id);
# --------------------------------------------------------------------------------
# [WARNING] src/components/ImageExperiment.tsx:679 (PREVENT_SET_STATE_LOOP_HAZARD)
#   Message: State setter 'setIsLoadingSamples' is called on the direct execution path of the component, which can trigger an immediate re-render and infinite loop.
#   Code:    setIsLoadingSamples(true);
# --------------------------------------------------------------------------------
# [WARNING] src/components/ImageExperiment.tsx:121 (PREVENT_SET_STATE_LOOP_HAZARD)
#   Message: State setter 'setSelectedSampleIds' is called on the direct execution path of the component, which can trigger an immediate re-render and infinite loop.
#   Code:    setSelectedSampleIds(updated);
# --------------------------------------------------------------------------------
# [WARNING] src/components/ImageExperiment.tsx:129 (PREVENT_SET_STATE_LOOP_HAZARD)
#   Message: State setter 'setSelectedSampleIds' is called on the direct execution path of the component, which can trigger an immediate re-render and infinite loop.
#   Code:    setSelectedSampleIds(updated);
# --------------------------------------------------------------------------------
# [WARNING] src/components/ImageExperiment.tsx:137 (PREVENT_SET_STATE_LOOP_HAZARD)
#   Message: State setter 'setSelectedSampleIds' is called on the direct execution path of the component, which can trigger an immediate re-render and infinite loop.
#   Code:    setSelectedSampleIds(updated);
# --------------------------------------------------------------------------------
# [WARNING] src/components/ImageExperiment.tsx:696 (PREVENT_SET_STATE_LOOP_HAZARD)
#   Message: State setter 'setSelectedSampleIds' is called on the direct execution path of the component, which can trigger an immediate re-render and infinite loop.
#   Code:    setSelectedSampleIds(initialSelected);
# --------------------------------------------------------------------------------
# [WARNING] src/components/ImageExperiment.tsx:141 (PREVENT_SET_STATE_LOOP_HAZARD)
#   Message: State setter 'setSampleStatuses' is called on the direct execution path of the component, which can trigger an immediate re-render and infinite loop.
#   Code:    setSampleStatuses({});
# --------------------------------------------------------------------------------
# [WARNING] src/components/ImageExperiment.tsx:1516 (PREVENT_SET_STATE_LOOP_HAZARD)
#   Message: State setter 'setSampleStatuses' is called on the direct execution path of the component, which can trigger an immediate re-render and infinite loop.
#   Code:    setSampleStatuses({ ...newStatuses });
# --------------------------------------------------------------------------------
# [WARNING] src/components/ImageExperiment.tsx:722 (PREVENT_SET_STATE_LOOP_HAZARD)
#   Message: State setter 'setLoading' is called on the direct execution path of the component, which can trigger an immediate re-render and infinite loop.
#   Code:    setLoading(true);
# --------------------------------------------------------------------------------
# [WARNING] src/components/ImageExperiment.tsx:856 (PREVENT_SET_STATE_LOOP_HAZARD)
#   Message: State setter 'setLoading' is called on the direct execution path of the component, which can trigger an immediate re-render and infinite loop.
#   Code:    setLoading(false);
# --------------------------------------------------------------------------------
# [WARNING] src/components/ImageExperiment.tsx:723 (PREVENT_SET_STATE_LOOP_HAZARD)
#   Message: State setter 'setResult' is called on the direct execution path of the component, which can trigger an immediate re-render and infinite loop.
#   Code:    setResult(null);
# --------------------------------------------------------------------------------
# [WARNING] src/components/ImageExperiment.tsx:771 (PREVENT_SET_STATE_LOOP_HAZARD)
#   Message: State setter 'setResult' is called on the direct execution path of the component, which can trigger an immediate re-render and infinite loop.
#   Code:    setResult(errorResult);
# --------------------------------------------------------------------------------
# [WARNING] src/components/ImageExperiment.tsx:785 (PREVENT_SET_STATE_LOOP_HAZARD)
#   Message: State setter 'setResult' is called on the direct execution path of the component, which can trigger an immediate re-render and infinite loop.
#   Code:    setResult(data);
# --------------------------------------------------------------------------------
# [WARNING] src/components/ImageExperiment.tsx:1119 (PREVENT_SET_STATE_LOOP_HAZARD)
#   Message: State setter 'setResult' is called on the direct execution path of the component, which can trigger an immediate re-render and infinite loop.
#   Code:    setResult(null); // Clear single result
# --------------------------------------------------------------------------------
# [WARNING] src/components/ImageExperiment.tsx:1706 (PREVENT_SET_STATE_LOOP_HAZARD)
#   Message: State setter 'setResult' is called on the direct execution path of the component, which can trigger an immediate re-render and infinite loop.
#   Code:    setResult({ success: items[0].success, record: items[0].record, failureKind: items[0].failureKind, error: items[0].error });
# --------------------------------------------------------------------------------
# [WARNING] src/components/ImageExperiment.tsx:1708 (PREVENT_SET_STATE_LOOP_HAZARD)
#   Message: State setter 'setResult' is called on the direct execution path of the component, which can trigger an immediate re-render and infinite loop.
#   Code:    setResult((items[0] as any).responseRaw);
# --------------------------------------------------------------------------------
# [WARNING] src/components/ImageExperiment.tsx:647 (PREVENT_SET_STATE_LOOP_HAZARD)
#   Message: State setter 'setCopied' is called on the direct execution path of the component, which can trigger an immediate re-render and infinite loop.
#   Code:    setCopied(id);
# --------------------------------------------------------------------------------
# [WARNING] src/components/ImageExperiment.tsx:659 (PREVENT_SET_STATE_LOOP_HAZARD)
#   Message: State setter 'setCopied' is called on the direct execution path of the component, which can trigger an immediate re-render and infinite loop.
#   Code:    setCopied(id);
# --------------------------------------------------------------------------------
# [WARNING] src/components/ImageExperiment.tsx:2271 (PREVENT_SET_STATE_LOOP_HAZARD)
#   Message: State setter 'setShowPreviewHelp' is called on the direct execution path of the component, which can trigger an immediate re-render and infinite loop.
#   Code:    setShowPreviewHelp(!showPreviewHelp);
# --------------------------------------------------------------------------------
# [WARNING] src/components/ImageExperiment.tsx:2288 (PREVENT_SET_STATE_LOOP_HAZARD)
#   Message: State setter 'setShowPreviewHelp' is called on the direct execution path of the component, which can trigger an immediate re-render and infinite loop.
#   Code:    setShowPreviewHelp(false);
# --------------------------------------------------------------------------------
# [WARNING] src/components/ImageExperiment.tsx:1735 (PREVENT_SET_STATE_LOOP_HAZARD)
#   Message: State setter 'setShowServerSideJob' is called on the direct execution path of the component, which can trigger an immediate re-render and infinite loop.
#   Code:    setShowServerSideJob(true); // サーバー実験タブ選択時に自動展開
# --------------------------------------------------------------------------------
# [WARNING] src/components/ImageExperiment.tsx:882 (PREVENT_SET_STATE_LOOP_HAZARD)
#   Message: State setter 'setServerJobId' is called on the direct execution path of the component, which can trigger an immediate re-render and infinite loop.
#   Code:    setServerJobId(data.job.jobId);
# --------------------------------------------------------------------------------
# [WARNING] src/components/ImageExperiment.tsx:936 (PREVENT_SET_STATE_LOOP_HAZARD)
#   Message: State setter 'setServerJobId' is called on the direct execution path of the component, which can trigger an immediate re-render and infinite loop.
#   Code:    setServerJobId(activeJob.jobId);
# --------------------------------------------------------------------------------
# [WARNING] src/components/ImageExperiment.tsx:2487 (PREVENT_SET_STATE_LOOP_HAZARD)
#   Message: State setter 'setServerJobId' is called on the direct execution path of the component, which can trigger an immediate re-render and infinite loop.
#   Code:    setServerJobId(job.jobId);
# --------------------------------------------------------------------------------
# [WARNING] src/components/ImageExperiment.tsx:883 (PREVENT_SET_STATE_LOOP_HAZARD)
#   Message: State setter 'setServerJobStatus' is called on the direct execution path of the component, which can trigger an immediate re-render and infinite loop.
#   Code:    setServerJobStatus(data.job);
# --------------------------------------------------------------------------------
# [WARNING] src/components/ImageExperiment.tsx:899 (PREVENT_SET_STATE_LOOP_HAZARD)
#   Message: State setter 'setServerJobStatus' is called on the direct execution path of the component, which can trigger an immediate re-render and infinite loop.
#   Code:    setServerJobStatus(data.job);
# --------------------------------------------------------------------------------
# [WARNING] src/components/ImageExperiment.tsx:937 (PREVENT_SET_STATE_LOOP_HAZARD)
#   Message: State setter 'setServerJobStatus' is called on the direct execution path of the component, which can trigger an immediate re-render and infinite loop.
#   Code:    setServerJobStatus(activeJob);
# --------------------------------------------------------------------------------
# [WARNING] src/components/ImageExperiment.tsx:1053 (PREVENT_SET_STATE_LOOP_HAZARD)
#   Message: State setter 'setServerJobStatus' is called on the direct execution path of the component, which can trigger an immediate re-render and infinite loop.
#   Code:    setServerJobStatus(data.job);
# --------------------------------------------------------------------------------
# [WARNING] src/components/ImageExperiment.tsx:1066 (PREVENT_SET_STATE_LOOP_HAZARD)
#   Message: State setter 'setServerJobStatus' is called on the direct execution path of the component, which can trigger an immediate re-render and infinite loop.
#   Code:    setServerJobStatus(data.job);
# --------------------------------------------------------------------------------
# [WARNING] src/components/ImageExperiment.tsx:2488 (PREVENT_SET_STATE_LOOP_HAZARD)
#   Message: State setter 'setServerJobStatus' is called on the direct execution path of the component, which can trigger an immediate re-render and infinite loop.
#   Code:    setServerJobStatus(job);
# --------------------------------------------------------------------------------
# [WARNING] src/components/ImageExperiment.tsx:900 (PREVENT_SET_STATE_LOOP_HAZARD)
#   Message: State setter 'setServerJobComputedState' is called on the direct execution path of the component, which can trigger an immediate re-render and infinite loop.
#   Code:    setServerJobComputedState(data.computedState ?? null);
# --------------------------------------------------------------------------------
# [WARNING] src/components/ImageExperiment.tsx:901 (PREVENT_SET_STATE_LOOP_HAZARD)
#   Message: State setter 'setServerJobItemsPreview' is called on the direct execution path of the component, which can trigger an immediate re-render and infinite loop.
#   Code:    setServerJobItemsPreview(data.itemsPreview ?? []);
# --------------------------------------------------------------------------------
# [WARNING] src/components/ImageExperiment.tsx:862 (PREVENT_SET_STATE_LOOP_HAZARD)
#   Message: State setter 'setIsStartingServerJob' is called on the direct execution path of the component, which can trigger an immediate re-render and infinite loop.
#   Code:    setIsStartingServerJob(true);
# --------------------------------------------------------------------------------
# [WARNING] src/components/ImageExperiment.tsx:888 (PREVENT_SET_STATE_LOOP_HAZARD)
#   Message: State setter 'setIsStartingServerJob' is called on the direct execution path of the component, which can trigger an immediate re-render and infinite loop.
#   Code:    setIsStartingServerJob(false);
# --------------------------------------------------------------------------------
# [WARNING] src/components/ImageExperiment.tsx:906 (PREVENT_SET_STATE_LOOP_HAZARD)
#   Message: State setter 'setIsRefreshingServerJob' is called on the direct execution path of the component, which can trigger an immediate re-render and infinite loop.
#   Code:    setIsRefreshingServerJob(false);
# --------------------------------------------------------------------------------
# [WARNING] src/components/ImageExperiment.tsx:930 (PREVENT_SET_STATE_LOOP_HAZARD)
#   Message: State setter 'setServerJobList' is called on the direct execution path of the component, which can trigger an immediate re-render and infinite loop.
#   Code:    setServerJobList(jobs);
# --------------------------------------------------------------------------------
# [WARNING] src/components/ImageExperiment.tsx:1116 (PREVENT_SET_STATE_LOOP_HAZARD)
#   Message: State setter 'setIsBatchRunning' is called on the direct execution path of the component, which can trigger an immediate re-render and infinite loop.
#   Code:    setIsBatchRunning(true);
# --------------------------------------------------------------------------------
# [WARNING] src/components/ImageExperiment.tsx:1292 (PREVENT_SET_STATE_LOOP_HAZARD)
#   Message: State setter 'setIsBatchRunning' is called on the direct execution path of the component, which can trigger an immediate re-render and infinite loop.
#   Code:    setIsBatchRunning(false);
# --------------------------------------------------------------------------------
# [WARNING] src/components/ImageExperiment.tsx:1699 (PREVENT_SET_STATE_LOOP_HAZARD)
#   Message: State setter 'setIsBatchRunning' is called on the direct execution path of the component, which can trigger an immediate re-render and infinite loop.
#   Code:    setIsBatchRunning(false);
# --------------------------------------------------------------------------------
# [WARNING] src/components/ImageExperiment.tsx:1131 (PREVENT_SET_STATE_LOOP_HAZARD)
#   Message: State setter 'setBatchProgress' is called on the direct execution path of the component, which can trigger an immediate re-render and infinite loop.
#   Code:    setBatchProgress({ current: currentProgress, total });
# --------------------------------------------------------------------------------
# [WARNING] src/components/ImageExperiment.tsx:1341 (PREVENT_SET_STATE_LOOP_HAZARD)
#   Message: State setter 'setBatchProgress' is called on the direct execution path of the component, which can trigger an immediate re-render and infinite loop.
#   Code:    setBatchProgress({ current: currentProgress, total });
# --------------------------------------------------------------------------------
# [WARNING] src/components/ImageExperiment.tsx:1700 (PREVENT_SET_STATE_LOOP_HAZARD)
#   Message: State setter 'setBatchProgress' is called on the direct execution path of the component, which can trigger an immediate re-render and infinite loop.
#   Code:    setBatchProgress(null);
# --------------------------------------------------------------------------------
# [WARNING] src/components/ImageExperiment.tsx:564 (PREVENT_SET_STATE_LOOP_HAZARD)
#   Message: State setter 'setActiveCheckpoint' is called on the direct execution path of the component, which can trigger an immediate re-render and infinite loop.
#   Code:    setActiveCheckpoint(checkpoint);
# --------------------------------------------------------------------------------
# [WARNING] src/components/ImageExperiment.tsx:567 (PREVENT_SET_STATE_LOOP_HAZARD)
#   Message: State setter 'setActiveCheckpoint' is called on the direct execution path of the component, which can trigger an immediate re-render and infinite loop.
#   Code:    setActiveCheckpoint(null);
# --------------------------------------------------------------------------------
# [WARNING] src/components/ImageExperiment.tsx:572 (PREVENT_SET_STATE_LOOP_HAZARD)
#   Message: State setter 'setActiveCheckpoint' is called on the direct execution path of the component, which can trigger an immediate re-render and infinite loop.
#   Code:    setActiveCheckpoint(null);
# --------------------------------------------------------------------------------
# [WARNING] src/components/ImageExperiment.tsx:1083 (PREVENT_SET_STATE_LOOP_HAZARD)
#   Message: State setter 'setActiveCheckpoint' is called on the direct execution path of the component, which can trigger an immediate re-render and infinite loop.
#   Code:    setActiveCheckpoint(checkpointRef.current);
# --------------------------------------------------------------------------------
# [WARNING] src/components/ImageExperiment.tsx:1229 (PREVENT_SET_STATE_LOOP_HAZARD)
#   Message: State setter 'setActiveCheckpoint' is called on the direct execution path of the component, which can trigger an immediate re-render and infinite loop.
#   Code:    setActiveCheckpoint(checkpointRef.current);
# --------------------------------------------------------------------------------
# [WARNING] src/components/ImageExperiment.tsx:1278 (PREVENT_SET_STATE_LOOP_HAZARD)
#   Message: State setter 'setActiveCheckpoint' is called on the direct execution path of the component, which can trigger an immediate re-render and infinite loop.
#   Code:    setActiveCheckpoint(checkpointRef.current);
# --------------------------------------------------------------------------------
# [WARNING] src/components/ImageExperiment.tsx:1317 (PREVENT_SET_STATE_LOOP_HAZARD)
#   Message: State setter 'setActiveCheckpoint' is called on the direct execution path of the component, which can trigger an immediate re-render and infinite loop.
#   Code:    setActiveCheckpoint(checkpointRef.current);
# --------------------------------------------------------------------------------
# [WARNING] src/components/ImageExperiment.tsx:1336 (PREVENT_SET_STATE_LOOP_HAZARD)
#   Message: State setter 'setActiveCheckpoint' is called on the direct execution path of the component, which can trigger an immediate re-render and infinite loop.
#   Code:    setActiveCheckpoint(checkpointRef.current);
# --------------------------------------------------------------------------------
# [WARNING] src/components/ImageExperiment.tsx:1362 (PREVENT_SET_STATE_LOOP_HAZARD)
#   Message: State setter 'setActiveCheckpoint' is called on the direct execution path of the component, which can trigger an immediate re-render and infinite loop.
#   Code:    setActiveCheckpoint(checkpointRef.current);
# --------------------------------------------------------------------------------
# [WARNING] src/components/ImageExperiment.tsx:1379 (PREVENT_SET_STATE_LOOP_HAZARD)
#   Message: State setter 'setActiveCheckpoint' is called on the direct execution path of the component, which can trigger an immediate re-render and infinite loop.
#   Code:    setActiveCheckpoint(checkpointRef.current);
# --------------------------------------------------------------------------------
# [WARNING] src/components/ImageExperiment.tsx:1428 (PREVENT_SET_STATE_LOOP_HAZARD)
#   Message: State setter 'setActiveCheckpoint' is called on the direct execution path of the component, which can trigger an immediate re-render and infinite loop.
#   Code:    setActiveCheckpoint(checkpointRef.current);
# --------------------------------------------------------------------------------
# [WARNING] src/components/ImageExperiment.tsx:1585 (PREVENT_SET_STATE_LOOP_HAZARD)
#   Message: State setter 'setActiveCheckpoint' is called on the direct execution path of the component, which can trigger an immediate re-render and infinite loop.
#   Code:    setActiveCheckpoint(checkpointRef.current);
# --------------------------------------------------------------------------------
# [WARNING] src/components/ImageExperiment.tsx:1631 (PREVENT_SET_STATE_LOOP_HAZARD)
#   Message: State setter 'setActiveCheckpoint' is called on the direct execution path of the component, which can trigger an immediate re-render and infinite loop.
#   Code:    setActiveCheckpoint(null);
# --------------------------------------------------------------------------------
# [WARNING] src/components/ImageExperiment.tsx:1800 (PREVENT_SET_STATE_LOOP_HAZARD)
#   Message: State setter 'setActiveCheckpoint' is called on the direct execution path of the component, which can trigger an immediate re-render and infinite loop.
#   Code:    setActiveCheckpoint(null);
# --------------------------------------------------------------------------------
# [WARNING] src/components/ImageExperiment.tsx:565 (PREVENT_SET_STATE_LOOP_HAZARD)
#   Message: State setter 'setHasIncompatibleCheckpoint' is called on the direct execution path of the component, which can trigger an immediate re-render and infinite loop.
#   Code:    setHasIncompatibleCheckpoint(false);
# --------------------------------------------------------------------------------
# [WARNING] src/components/ImageExperiment.tsx:568 (PREVENT_SET_STATE_LOOP_HAZARD)
#   Message: State setter 'setHasIncompatibleCheckpoint' is called on the direct execution path of the component, which can trigger an immediate re-render and infinite loop.
#   Code:    setHasIncompatibleCheckpoint(true);
# --------------------------------------------------------------------------------
# [WARNING] src/components/ImageExperiment.tsx:573 (PREVENT_SET_STATE_LOOP_HAZARD)
#   Message: State setter 'setHasIncompatibleCheckpoint' is called on the direct execution path of the component, which can trigger an immediate re-render and infinite loop.
#   Code:    setHasIncompatibleCheckpoint(false);
# --------------------------------------------------------------------------------
# [WARNING] src/components/ImageExperiment.tsx:2065 (PREVENT_SET_STATE_LOOP_HAZARD)
#   Message: State setter 'setHasIncompatibleCheckpoint' is called on the direct execution path of the component, which can trigger an immediate re-render and infinite loop.
#   Code:    setHasIncompatibleCheckpoint(false);
# --------------------------------------------------------------------------------
# [WARNING] src/components/ImageExperiment.tsx:724 (PREVENT_SET_STATE_LOOP_HAZARD)
#   Message: State setter 'setBatchSummary' is called on the direct execution path of the component, which can trigger an immediate re-render and infinite loop.
#   Code:    setBatchSummary(null);
# --------------------------------------------------------------------------------
# [WARNING] src/components/ImageExperiment.tsx:976 (PREVENT_SET_STATE_LOOP_HAZARD)
#   Message: State setter 'setBatchSummary' is called on the direct execution path of the component, which can trigger an immediate re-render and infinite loop.
#   Code:    setBatchSummary(summary);
# --------------------------------------------------------------------------------
# [WARNING] src/components/ImageExperiment.tsx:1118 (PREVENT_SET_STATE_LOOP_HAZARD)
#   Message: State setter 'setBatchSummary' is called on the direct execution path of the component, which can trigger an immediate re-render and infinite loop.
#   Code:    setBatchSummary(null);
# --------------------------------------------------------------------------------
# [WARNING] src/components/ImageExperiment.tsx:1627 (PREVENT_SET_STATE_LOOP_HAZARD)
#   Message: State setter 'setBatchSummary' is called on the direct execution path of the component, which can trigger an immediate re-render and infinite loop.
#   Code:    setBatchSummary(summary);
# --------------------------------------------------------------------------------
# [WARNING] src/components/ImageExperiment.tsx:1034 (PREVENT_SET_STATE_LOOP_HAZARD)
#   Message: State setter 'setPastBatchRuns' is called on the direct execution path of the component, which can trigger an immediate re-render and infinite loop.
#   Code:    setPastBatchRuns(lightweightRuns);
# --------------------------------------------------------------------------------
# [WARNING] src/components/ImageExperiment.tsx:1697 (PREVENT_SET_STATE_LOOP_HAZARD)
#   Message: State setter 'setPastBatchRuns' is called on the direct execution path of the component, which can trigger an immediate re-render and infinite loop.
#   Code:    setPastBatchRuns(runs);
# --------------------------------------------------------------------------------
# [WARNING] src/components/ImageExperiment.tsx:1734 (PREVENT_SET_STATE_LOOP_HAZARD)
#   Message: State setter 'setExperimentViewTab' is called on the direct execution path of the component, which can trigger an immediate re-render and infinite loop.
#   Code:    setExperimentViewTab("server");
# --------------------------------------------------------------------------------
# [WARNING] src/components/ImageExperiment.tsx:334 (PREVENT_SET_STATE_LOOP_HAZARD)
#   Message: State setter 'setMatrixResults' is called on the direct execution path of the component, which can trigger an immediate re-render and infinite loop.
#   Code:    setMatrixResults(matrix);
# --------------------------------------------------------------------------------
# [WARNING] src/components/ImageExperiment.tsx:485 (PREVENT_SET_STATE_LOOP_HAZARD)
#   Message: State setter 'setMatrixResults' is called on the direct execution path of the component, which can trigger an immediate re-render and infinite loop.
#   Code:    setMatrixResults({});
# --------------------------------------------------------------------------------
# [WARNING] src/components/ImageExperiment.tsx:486 (PREVENT_SET_STATE_LOOP_HAZARD)
#   Message: State setter 'setSelectedMatrixCell' is called on the direct execution path of the component, which can trigger an immediate re-render and infinite loop.
#   Code:    setSelectedMatrixCell(null);
# --------------------------------------------------------------------------------
# [WARNING] src/components/ImageExperiment.tsx:3699 (PREVENT_SET_STATE_LOOP_HAZARD)
#   Message: State setter 'setSelectedMatrixCell' is called on the direct execution path of the component, which can trigger an immediate re-render and infinite loop.
#   Code:    setSelectedMatrixCell({
# --------------------------------------------------------------------------------
# [WARNING] src/components/ImageExperiment.tsx:366 (PREVENT_SET_STATE_LOOP_HAZARD)
#   Message: State setter 'setRunningCellKey' is called on the direct execution path of the component, which can trigger an immediate re-render and infinite loop.
#   Code:    setRunningCellKey(key);
# --------------------------------------------------------------------------------
# [WARNING] src/components/ImageExperiment.tsx:446 (PREVENT_SET_STATE_LOOP_HAZARD)
#   Message: State setter 'setRunningCellKey' is called on the direct execution path of the component, which can trigger an immediate re-render and infinite loop.
#   Code:    setRunningCellKey(null);
# --------------------------------------------------------------------------------
# [WARNING] src/components/ImageExperiment.tsx:521 (PREVENT_SET_STATE_LOOP_HAZARD)
#   Message: State setter 'setCompareRunAId' is called on the direct execution path of the component, which can trigger an immediate re-render and infinite loop.
#   Code:    setCompareRunAId(pastBatchRuns[0].runId);
# --------------------------------------------------------------------------------
# [WARNING] src/components/ImageExperiment.tsx:528 (PREVENT_SET_STATE_LOOP_HAZARD)
#   Message: State setter 'setCompareRunAId' is called on the direct execution path of the component, which can trigger an immediate re-render and infinite loop.
#   Code:    setCompareRunAId(pastBatchRuns[0].runId);
# --------------------------------------------------------------------------------
# [WARNING] src/components/ImageExperiment.tsx:524 (PREVENT_SET_STATE_LOOP_HAZARD)
#   Message: State setter 'setCompareRunBId' is called on the direct execution path of the component, which can trigger an immediate re-render and infinite loop.
#   Code:    setCompareRunBId(pastBatchRuns[1].runId);
# --------------------------------------------------------------------------------
# [WARNING] src/components/ImageExperiment.tsx:1112 (PREVENT_SET_STATE_LOOP_HAZARD)
#   Message: State setter 'setHealthCheckFailed' is called on the direct execution path of the component, which can trigger an immediate re-render and infinite loop.
#   Code:    setHealthCheckFailed(false);
# --------------------------------------------------------------------------------
# [WARNING] src/components/ImageExperiment.tsx:1293 (PREVENT_SET_STATE_LOOP_HAZARD)
#   Message: State setter 'setHealthCheckFailed' is called on the direct execution path of the component, which can trigger an immediate re-render and infinite loop.
#   Code:    setHealthCheckFailed(true);
# --------------------------------------------------------------------------------
# [WARNING] src/components/ImageExperiment.tsx:1113 (PREVENT_SET_STATE_LOOP_HAZARD)
#   Message: State setter 'setHealthCheckDiagnostics' is called on the direct execution path of the component, which can trigger an immediate re-render and infinite loop.
#   Code:    setHealthCheckDiagnostics(null);
# --------------------------------------------------------------------------------
# [WARNING] src/components/ImageExperiment.tsx:1294 (PREVENT_SET_STATE_LOOP_HAZARD)
#   Message: State setter 'setHealthCheckDiagnostics' is called on the direct execution path of the component, which can trigger an immediate re-render and infinite loop.
#   Code:    setHealthCheckDiagnostics(hcResult.responseDiagnostics || null);
# --------------------------------------------------------------------------------
# [WARNING] src/components/ImageExperiment.tsx:1114 (PREVENT_SET_STATE_LOOP_HAZARD)
#   Message: State setter 'setHealthCheckError' is called on the direct execution path of the component, which can trigger an immediate re-render and infinite loop.
#   Code:    setHealthCheckError(null);
# --------------------------------------------------------------------------------
# [WARNING] src/components/ImageExperiment.tsx:1295 (PREVENT_SET_STATE_LOOP_HAZARD)
#   Message: State setter 'setHealthCheckError' is called on the direct execution path of the component, which can trigger an immediate re-render and infinite loop.
#   Code:    setHealthCheckError(hcResult.error || "ヘルスチェック応答が不正です。");
# --------------------------------------------------------------------------------
# [WARNING] src/components/SavedSummariesBrowser.tsx:54 (PREVENT_SET_STATE_LOOP_HAZARD)
#   Message: State setter 'setSavedSummaries' is called on the direct execution path of the component, which can trigger an immediate re-render and infinite loop.
#   Code:    setSavedSummaries(list);
# --------------------------------------------------------------------------------
# [WARNING] src/components/SavedSummariesBrowser.tsx:44 (PREVENT_SET_STATE_LOOP_HAZARD)
#   Message: State setter 'setLoadingSaved' is called on the direct execution path of the component, which can trigger an immediate re-render and infinite loop.
#   Code:    setLoadingSaved(true);
# --------------------------------------------------------------------------------
# [WARNING] src/components/SavedSummariesBrowser.tsx:59 (PREVENT_SET_STATE_LOOP_HAZARD)
#   Message: State setter 'setLoadingSaved' is called on the direct execution path of the component, which can trigger an immediate re-render and infinite loop.
#   Code:    setLoadingSaved(false);
# --------------------------------------------------------------------------------
# [WARNING] src/components/SavedSummariesBrowser.tsx:45 (PREVENT_SET_STATE_LOOP_HAZARD)
#   Message: State setter 'setSavedError' is called on the direct execution path of the component, which can trigger an immediate re-render and infinite loop.
#   Code:    setSavedError(null);
# --------------------------------------------------------------------------------
# [WARNING] src/components/SavedSummariesBrowser.tsx:57 (PREVENT_SET_STATE_LOOP_HAZARD)
#   Message: State setter 'setSavedError' is called on the direct execution path of the component, which can trigger an immediate re-render and infinite loop.
#   Code:    setSavedError(err.message || String(err));
# --------------------------------------------------------------------------------
# [WARNING] src/components/SavedSummariesBrowser.tsx:281 (PREVENT_SET_STATE_LOOP_HAZARD)
#   Message: State setter 'setCopiedIndexMd' is called on the direct execution path of the component, which can trigger an immediate re-render and infinite loop.
#   Code:    setCopiedIndexMd(true);
# --------------------------------------------------------------------------------
# [WARNING] src/components/SavedSummariesBrowser.tsx:292 (PREVENT_SET_STATE_LOOP_HAZARD)
#   Message: State setter 'setCopiedJsonId' is called on the direct execution path of the component, which can trigger an immediate re-render and infinite loop.
#   Code:    setCopiedJsonId(item.id);
# --------------------------------------------------------------------------------
# [WARNING] src/components/SavedSummariesBrowser.tsx:304 (PREVENT_SET_STATE_LOOP_HAZARD)
#   Message: State setter 'setCopiedOneLineId' is called on the direct execution path of the component, which can trigger an immediate re-render and infinite loop.
#   Code:    setCopiedOneLineId(item.id);
# --------------------------------------------------------------------------------
# [WARNING] src/components/SavedSummariesBrowser.tsx:130 (PREVENT_SET_STATE_LOOP_HAZARD)
#   Message: State setter 'setExistingIndexMd' is called on the direct execution path of the component, which can trigger an immediate re-render and infinite loop.
#   Code:    setExistingIndexMd(content); // Sync with manual editor for convenience
# --------------------------------------------------------------------------------
# [WARNING] src/components/SavedSummariesBrowser.tsx:167 (PREVENT_SET_STATE_LOOP_HAZARD)
#   Message: State setter 'setExistingIndexMd' is called on the direct execution path of the component, which can trigger an immediate re-render and infinite loop.
#   Code:    setExistingIndexMd('');
# --------------------------------------------------------------------------------
# [WARNING] src/components/SavedSummariesBrowser.tsx:180 (PREVENT_SET_STATE_LOOP_HAZARD)
#   Message: State setter 'setExistingIndexMd' is called on the direct execution path of the component, which can trigger an immediate re-render and infinite loop.
#   Code:    setExistingIndexMd(`\# Project Documentation Folder
# --------------------------------------------------------------------------------
# [WARNING] src/components/SavedSummariesBrowser.tsx:148 (PREVENT_SET_STATE_LOOP_HAZARD)
#   Message: State setter 'setMergeResult' is called on the direct execution path of the component, which can trigger an immediate re-render and infinite loop.
#   Code:    setMergeResult({
# --------------------------------------------------------------------------------
# [WARNING] src/components/SavedSummariesBrowser.tsx:168 (PREVENT_SET_STATE_LOOP_HAZARD)
#   Message: State setter 'setMergeResult' is called on the direct execution path of the component, which can trigger an immediate re-render and infinite loop.
#   Code:    setMergeResult(null);
# --------------------------------------------------------------------------------
# [WARNING] src/components/SavedSummariesBrowser.tsx:176 (PREVENT_SET_STATE_LOOP_HAZARD)
#   Message: State setter 'setMergeResult' is called on the direct execution path of the component, which can trigger an immediate re-render and infinite loop.
#   Code:    setMergeResult(result);
# --------------------------------------------------------------------------------
# [WARNING] src/components/SavedSummariesBrowser.tsx:193 (PREVENT_SET_STATE_LOOP_HAZARD)
#   Message: State setter 'setMergeResult' is called on the direct execution path of the component, which can trigger an immediate re-render and infinite loop.
#   Code:    setMergeResult(null);
# --------------------------------------------------------------------------------
# [WARNING] src/components/SavedSummariesBrowser.tsx:809 (PREVENT_SET_STATE_LOOP_HAZARD)
#   Message: State setter 'setCopiedMergedMarkdown' is called on the direct execution path of the component, which can trigger an immediate re-render and infinite loop.
#   Code:    setCopiedMergedMarkdown(true);
# --------------------------------------------------------------------------------
# [WARNING] src/components/SavedSummariesBrowser.tsx:830 (PREVENT_SET_STATE_LOOP_HAZARD)
#   Message: State setter 'setCopiedDiagnostics' is called on the direct execution path of the component, which can trigger an immediate re-render and infinite loop.
#   Code:    setCopiedDiagnostics(true);
# --------------------------------------------------------------------------------
# [WARNING] src/components/SavedSummariesBrowser.tsx:102 (PREVENT_SET_STATE_LOOP_HAZARD)
#   Message: State setter 'setIsPreflightLoading' is called on the direct execution path of the component, which can trigger an immediate re-render and infinite loop.
#   Code:    setIsPreflightLoading(true);
# --------------------------------------------------------------------------------
# [WARNING] src/components/SavedSummariesBrowser.tsx:160 (PREVENT_SET_STATE_LOOP_HAZARD)
#   Message: State setter 'setIsPreflightLoading' is called on the direct execution path of the component, which can trigger an immediate re-render and infinite loop.
#   Code:    setIsPreflightLoading(false);
# --------------------------------------------------------------------------------
# [WARNING] src/components/SavedSummariesBrowser.tsx:104 (PREVENT_SET_STATE_LOOP_HAZARD)
#   Message: State setter 'setPreflightResult' is called on the direct execution path of the component, which can trigger an immediate re-render and infinite loop.
#   Code:    setPreflightResult(null);
# --------------------------------------------------------------------------------
# [WARNING] src/components/SavedSummariesBrowser.tsx:145 (PREVENT_SET_STATE_LOOP_HAZARD)
#   Message: State setter 'setPreflightResult' is called on the direct execution path of the component, which can trigger an immediate re-render and infinite loop.
#   Code:    setPreflightResult(result);
# --------------------------------------------------------------------------------
# [WARNING] src/components/SavedSummariesBrowser.tsx:165 (PREVENT_SET_STATE_LOOP_HAZARD)
#   Message: State setter 'setPreflightResult' is called on the direct execution path of the component, which can trigger an immediate re-render and infinite loop.
#   Code:    setPreflightResult(null);
# --------------------------------------------------------------------------------
# [WARNING] src/components/SavedSummariesBrowser.tsx:98 (PREVENT_SET_STATE_LOOP_HAZARD)
#   Message: State setter 'setPreflightError' is called on the direct execution path of the component, which can trigger an immediate re-render and infinite loop.
#   Code:    setPreflightError("選択されたサマリーに親フォルダ情報（parentId）がありません。");
# --------------------------------------------------------------------------------
# [WARNING] src/components/SavedSummariesBrowser.tsx:103 (PREVENT_SET_STATE_LOOP_HAZARD)
#   Message: State setter 'setPreflightError' is called on the direct execution path of the component, which can trigger an immediate re-render and infinite loop.
#   Code:    setPreflightError(null);
# --------------------------------------------------------------------------------
# [WARNING] src/components/SavedSummariesBrowser.tsx:158 (PREVENT_SET_STATE_LOOP_HAZARD)
#   Message: State setter 'setPreflightError' is called on the direct execution path of the component, which can trigger an immediate re-render and infinite loop.
#   Code:    setPreflightError(err.message || "プレバイフライト中にエラーが発生しました。");
# --------------------------------------------------------------------------------
# [WARNING] src/components/SavedSummariesBrowser.tsx:166 (PREVENT_SET_STATE_LOOP_HAZARD)
#   Message: State setter 'setPreflightError' is called on the direct execution path of the component, which can trigger an immediate re-render and infinite loop.
#   Code:    setPreflightError(null);
# --------------------------------------------------------------------------------
# [WARNING] src/components/SummaryDebugger.tsx:1788 (PREVENT_SET_STATE_LOOP_HAZARD)
#   Message: State setter 'setManualText' is called on the direct execution path of the component, which can trigger an immediate re-render and infinite loop.
#   Code:    setManualText(e.target.value);
# --------------------------------------------------------------------------------
# [WARNING] src/components/SummaryDebugger.tsx:1812 (PREVENT_SET_STATE_LOOP_HAZARD)
#   Message: State setter 'setManualText' is called on the direct execution path of the component, which can trigger an immediate re-render and infinite loop.
#   Code:    setManualText(fixture.content);
# --------------------------------------------------------------------------------
# [WARNING] src/components/SummaryDebugger.tsx:1789 (PREVENT_SET_STATE_LOOP_HAZARD)
#   Message: State setter 'setManualInputLabel' is called on the direct execution path of the component, which can trigger an immediate re-render and infinite loop.
#   Code:    setManualInputLabel(null); // Reset label if manually edited
# --------------------------------------------------------------------------------
# [WARNING] src/components/SummaryDebugger.tsx:1813 (PREVENT_SET_STATE_LOOP_HAZARD)
#   Message: State setter 'setManualInputLabel' is called on the direct execution path of the component, which can trigger an immediate re-render and infinite loop.
#   Code:    setManualInputLabel(`Fixture: ${fixture.label}`);
# --------------------------------------------------------------------------------
# [WARNING] src/components/SummaryDebugger.tsx:1030 (PREVENT_SET_STATE_LOOP_HAZARD)
#   Message: State setter 'setFileId' is called on the direct execution path of the component, which can trigger an immediate re-render and infinite loop.
#   Code:    setFileId(matchingSample.file.id);
# --------------------------------------------------------------------------------
# [WARNING] src/components/SummaryDebugger.tsx:1070 (PREVENT_SET_STATE_LOOP_HAZARD)
#   Message: State setter 'setFileId' is called on the direct execution path of the component, which can trigger an immediate re-render and infinite loop.
#   Code:    setFileId(item.fileMetadata.id);
# --------------------------------------------------------------------------------
# [WARNING] src/components/SummaryDebugger.tsx:1180 (PREVENT_SET_STATE_LOOP_HAZARD)
#   Message: State setter 'setFileId' is called on the direct execution path of the component, which can trigger an immediate re-render and infinite loop.
#   Code:    setFileId(cachedFileId);
# --------------------------------------------------------------------------------
# [WARNING] src/components/SummaryDebugger.tsx:1247 (PREVENT_SET_STATE_LOOP_HAZARD)
#   Message: State setter 'setFileId' is called on the direct execution path of the component, which can trigger an immediate re-render and infinite loop.
#   Code:    setFileId(parsedId);
# --------------------------------------------------------------------------------
# [WARNING] src/components/SummaryDebugger.tsx:1504 (PREVENT_SET_STATE_LOOP_HAZARD)
#   Message: State setter 'setFileId' is called on the direct execution path of the component, which can trigger an immediate re-render and infinite loop.
#   Code:    setFileId(val);
# --------------------------------------------------------------------------------
# [WARNING] src/components/SummaryDebugger.tsx:2015 (PREVENT_SET_STATE_LOOP_HAZARD)
#   Message: State setter 'setFileId' is called on the direct execution path of the component, which can trigger an immediate re-render and infinite loop.
#   Code:    setFileId(sample.file.id);
# --------------------------------------------------------------------------------
# [WARNING] src/components/SummaryDebugger.tsx:1228 (PREVENT_SET_STATE_LOOP_HAZARD)
#   Message: State setter 'setOutputMode' is called on the direct execution path of the component, which can trigger an immediate re-render and infinite loop.
#   Code:    setOutputMode(targetMode);
# --------------------------------------------------------------------------------
# [WARNING] src/components/SummaryDebugger.tsx:1011 (PREVENT_SET_STATE_LOOP_HAZARD)
#   Message: State setter 'setModelName' is called on the direct execution path of t
# he component, which can trigger an immediate re-render and infinite loop.
#   Code:    setModelName(selectedModelId);
# --------------------------------------------------------------------------------
# [WARNING] src/components/SummaryDebugger.tsx:1835 (PREVENT_SET_STATE_LOOP_HAZARD)
#   Message: State setter 'setModelName' is called on the direct execution path of the component, which can trigger an immediate re-render and infinite loop.
#   Code:    setModelName(model.id);
# --------------------------------------------------------------------------------
# [WARNING] src/components/SummaryDebugger.tsx:1229 (PREVENT_SET_STATE_LOOP_HAZARD)
#   Message: State setter 'setLoading' is called on the direct execution path of the component, which can trigger an immediate re-render and infinite loop.
#   Code:    setLoading(true);
# --------------------------------------------------------------------------------
# [WARNING] src/components/SummaryDebugger.tsx:1384 (PREVENT_SET_STATE_LOOP_HAZARD)
#   Message: State setter 'setLoading' is called on the direct execution path of the component, which can trigger an immediate re-render and infinite loop.
#   Code:    setLoading(false);
# --------------------------------------------------------------------------------
# [WARNING] src/components/SummaryDebugger.tsx:1188 (PREVENT_SET_STATE_LOOP_HAZARD)
#   Message: State setter 'setFetchingSamples' is called on the direct execution path of the component, which can trigger an immediate re-render and infinite loop.
#   Code:    setFetchingSamples(true);
# --------------------------------------------------------------------------------
# [WARNING] src/components/SummaryDebugger.tsx:1220 (PREVENT_SET_STATE_LOOP_HAZARD)
#   Message: State setter 'setFetchingSamples' is called on the direct execution path of the component, which can trigger an immediate re-render and infinite loop.
#   Code:    setFetchingSamples(false);
# --------------------------------------------------------------------------------
# [WARNING] src/components/SummaryDebugger.tsx:1174 (PREVENT_SET_STATE_LOOP_HAZARD)
#   Message: State setter 'setSamples' is called on the direct execution path of the component, which can trigger an immediate re-render and infinite loop.
#   Code:    setSamples(parsed);
# --------------------------------------------------------------------------------
# [WARNING] src/components/SummaryDebugger.tsx:1208 (PREVENT_SET_STATE_LOOP_HAZARD)
#   Message: State setter 'setSamples' is called on the direct execution path of the component, which can trigger an immediate re-render and infinite loop.
#   Code:    setSamples(data.samples);
# --------------------------------------------------------------------------------
# [WARNING] src/components/SummaryDebugger.tsx:1230 (PREVENT_SET_STATE_LOOP_HAZARD)
#   Message: State setter 'setResult' is called on the direct execution path of the component, which can trigger an immediate re-render and infinite loop.
#   Code:    setResult(null);
# --------------------------------------------------------------------------------
# [WARNING] src/components/SummaryDebugger.tsx:1362 (PREVENT_SET_STATE_LOOP_HAZARD)
#   Message: State setter 'setResult' is called on the direct execution path of the component, which can trigger an immediate re-render and infinite loop.
#   Code:    setResult(data);
# --------------------------------------------------------------------------------
# [WARNING] src/components/SummaryDebugger.tsx:1715 (PREVENT_SET_STATE_LOOP_HAZARD)
#   Message: State setter 'setResult' is called on the direct execution path of the component, which can trigger an immediate re-render and infinite loop.
#   Code:    setResult({
# --------------------------------------------------------------------------------
# [WARNING] src/components/SummaryDebugger.tsx:2858 (PREVENT_SET_STATE_LOOP_HAZARD)
#   Message: State setter 'setResult' is called on the direct execution path of the component, which can trigger an immediate re-render and infinite loop.
#   Code:    setResult({
# --------------------------------------------------------------------------------
# [WARNING] src/components/SummaryDebugger.tsx:1068 (PREVENT_SET_STATE_LOOP_HAZARD)
#   Message: State setter 'setError' is called on the direct execution path of the component, which can trigger an immediate re-render and infinite loop.
#   Code:    setError(item.error || null);
# --------------------------------------------------------------------------------
# [WARNING] src/components/SummaryDebugger.tsx:1189 (PREVENT_SET_STATE_LOOP_HAZARD)
#   Message: State setter 'setError' is called on the direct execution path of the component, which can trigger an immediate re-render and infinite loop.
#   Code:    setError(null);
# --------------------------------------------------------------------------------
# [WARNING] src/components/SummaryDebugger.tsx:1218 (PREVENT_SET_STATE_LOOP_HAZARD)
#   Message: State setter 'setError' is called on the direct execution path of the component, which can trigger an immediate re-render and infinite loop.
#   Code:    setError(err.message || "Failed to fetch samples");
# --------------------------------------------------------------------------------
# [WARNING] src/components/SummaryDebugger.tsx:1231 (PREVENT_SET_STATE_LOOP_HAZARD)
#   Message: State setter 'setError' is called on the direct execution path of the component, which can trigger an immediate re-render and infinite loop.
#   Code:    setError(null);
# --------------------------------------------------------------------------------
# [WARNING] src/components/SummaryDebugger.tsx:1382 (PREVENT_SET_STATE_LOOP_HAZARD)
#   Message: State setter 'setError' is called on the direct execution path of the component, which can trigger an immediate re-render and infinite loop.
#   Code:    setError(err.message || "An unknown error occurred");
# --------------------------------------------------------------------------------
# [WARNING] src/components/SummaryDebugger.tsx:1729 (PREVENT_SET_STATE_LOOP_HAZARD)
#   Message: State setter 'setError' is called on the direct execution path of the component, which can trigger an immediate re-render and infinite loop.
#   Code:    setError(null);
# --------------------------------------------------------------------------------
# [WARNING] src/components/SummaryDebugger.tsx:2877 (PREVENT_SET_STATE_LOOP_HAZARD)
#   Message: State setter 'setError' is called on the direct execution path of the component, which can trigger an immediate re-render and infinite loop.
#   Code:    setError(item.error || null);
# --------------------------------------------------------------------------------
# [WARNING] src/components/SummaryDebugger.tsx:1232 (PREVENT_SET_STATE_LOOP_HAZARD)
#   Message: State setter 'setRawErrorResponse' is called on the direct execution path of the component, which can trigger an immediate re-render and infinite loop.
#   Code:    setRawErrorResponse(null);
# --------------------------------------------------------------------------------
# [WARNING] src/components/SummaryDebugger.tsx:1290 (PREVENT_SET_STATE_LOOP_HAZARD)
#   Message: State setter 'setRawErrorResponse' is called on the direct execution path of the component, which can trigger an immediate re-render and infinite loop.
#   Code:    setRawErrorResponse(text);
# --------------------------------------------------------------------------------
# [WARNING] src/components/SummaryDebugger.tsx:1365 (PREVENT_SET_STATE_LOOP_HAZARD)
#   Message: State setter 'setRawErrorResponse' is called on the direct execution path of the component, which can trigger an immediate re-render and infinite loop.
#   Code:    setRawErrorResponse(text);
# --------------------------------------------------------------------------------
# [WARNING] src/components/SummaryDebugger.tsx:1233 (PREVENT_SET_STATE_LOOP_HAZARD)
#   Message: State setter 'setProviderError' is called on the direct execution path of the component, which can trigger an immediate re-render and infinite loop.
#   Code:    setProviderError(null);
# --------------------------------------------------------------------------------
# [WARNING] src/components/SummaryDebugger.tsx:1306 (PREVENT_SET_STATE_LOOP_HAZARD)
#   Message: State setter 'setProviderError' is called on the direct execution path of the component, which can trigger an immediate re-render and infinite loop.
#   Code:    setProviderError(jsonObj.providerError);
# --------------------------------------------------------------------------------
# [WARNING] src/components/SummaryDebugger.tsx:1298 (PREVENT_SET_STATE_LOOP_HAZARD)
#   Message: State setter 'setRefinedErrorText' is called on the direct execution path of the component, which can trigger an immediate re-render and infinite loop.
#   Code:    setRefinedErrorText(refined);
# --------------------------------------------------------------------------------
# [WARNING] src/components/SummaryDebugger.tsx:1318 (PREVENT_SET_STATE_LOOP_HAZARD)
#   Message: State setter 'setRefinedErrorText' is called on the direct execution path of the component, which can trigger an immediate re-render and infinite loop.
#   Code:    setRefinedErrorText(null);
# --------------------------------------------------------------------------------
# [WARNING] src/components/SummaryDebugger.tsx:1322 (PREVENT_SET_STATE_LOOP_HAZARD)
#   Message: State setter 'setRefinedErrorText' is called on the direct execution path of the component, which can trigger an immediate re-render and infinite loop.
#   Code:    setRefinedErrorText(null);
# --------------------------------------------------------------------------------
# [WARNING] src/components/SummaryDebugger.tsx:1371 (PREVENT_SET_STATE_LOOP_HAZARD)
#   Message: State setter 'setRefinedErrorText' is called on the direct execution path of the component, which can trigger an immediate re-render and infinite loop.
#   Code:    setRefinedErrorText(refined);
# --------------------------------------------------------------------------------
# [WARNING] src/components/SummaryDebugger.tsx:1375 (PREVENT_SET_STATE_LOOP_HAZARD)
#   Message: State setter 'setRefinedErrorText' is called on the direct execution path of the component, which can trigger an immediate re-render and infinite loop.
#   Code:    setRefinedErrorText(null);
# --------------------------------------------------------------------------------
# [WARNING] src/components/SummaryDebugger.tsx:1299 (PREVENT_SET_STATE_LOOP_HAZARD)
#   Message: State setter 'setFullErrorText' is called on the direct execution path of the component, which can trigger an immediate re-render and infinite loop.
#   Code:    setFullErrorText(fullText);
# --------------------------------------------------------------------------------
# [WARNING] src/components/SummaryDebugger.tsx:1313 (PREVENT_SET_STATE_LOOP_HAZARD)
#   Message: State setter 'setFullErrorText' is called on the direct execution path of the component, which can trigger an immediate re-render and infinite loop.
#   Code:    setFullErrorText(
# --------------------------------------------------------------------------------
# [WARNING] src/components/SummaryDebugger.tsx:1323 (PREVENT_SET_STATE_LOOP_HAZARD)
#   Message: State setter 'setFullErrorText' is called on the direct execution path of the component, which can trigger an immediate re-render and infinite loop.
#   Code:    setFullErrorText(text);
# --------------------------------------------------------------------------------
# [WARNING] src/components/SummaryDebugger.tsx:1372 (PREVENT_SET_STATE_LOOP_HAZARD)
#   Message: State setter 'setFullErrorText' is called on the direct execution path of the component, which can trigger an immediate re-render and infinite loop.
#   Code:    setFullErrorText(fullText);
# --------------------------------------------------------------------------------
# [WARNING] src/components/SummaryDebugger.tsx:1376 (PREVENT_SET_STATE_LOOP_HAZARD)
#   Message: State setter 'setFullErrorText' is called on the direct execution path of the component, which can trigger an immediate re-render and infinite loop.
#   Code:    setFullErrorText(text); // show raw text as text also
# --------------------------------------------------------------------------------
# [WARNING] src/components/SummaryDebugger.tsx:1300 (PREVENT_SET_STATE_LOOP_HAZARD)
#   Message: State setter 'setResponseTitle' is called on the direct execution path of the component, which can trigger an immediate re-render and infinite loop.
#   Code:    setResponseTitle(title);
# --------------------------------------------------------------------------------
# [WARNING] src/components/SummaryDebugger.tsx:1319 (PREVENT_SET_STATE_LOOP_HAZARD)
#   Message: State setter 'setResponseTitle' is called on the direct execution path of the component, which can trigger an immediate re-render and infinite loop.
#   Code:    setResponseTitle("JSON Error Response");
# --------------------------------------------------------------------------------
# [WARNING] src/components/SummaryDebugger.tsx:1324 (PREVENT_SET_STATE_LOOP_HAZARD)
#   Message: State setter 'setResponseTitle' is called on the direct execution path of the component, which can trigger an immediate re-render and infinite loop.
#   Code:    setResponseTitle(null);
# --------------------------------------------------------------------------------
# [WARNING] src/components/SummaryDebugger.tsx:1373 (PREVENT_SET_STATE_LOOP_HAZARD)
#   Message: State setter 'setResponseTitle' is called on the direct execution path of the component, which can trigger an immediate re-render and infinite loop.
#   Code:    setResponseTitle(title);
# --------------------------------------------------------------------------------
# [WARNING] src/components/SummaryDebugger.tsx:1377 (PREVENT_SET_STATE_LOOP_HAZARD)
#   Message: State setter 'setResponseTitle' is called on the direct execution path of the component, which can trigger an immediate re-render and infinite loop.
#   Code:    setResponseTitle(null);
# --------------------------------------------------------------------------------
# [WARNING] src/components/SummaryDebugger.tsx:1067 (PREVENT_SET_STATE_LOOP_HAZARD)
#   Message: State setter 'setUsedModel' is called on the direct execution path of the component, which can trigger an immediate re-render and infinite loop.
#   Code:    setUsedModel(item.model);
# --------------------------------------------------------------------------------
# [WARNING] src/components/SummaryDebugger.tsx:1234 (PREVENT_SET_STATE_LOOP_HAZARD)
#   Message: State setter 'setUsedModel' is called on the direct execution path of the component, which can trigger an immediate re-render and infinite loop.
#   Code:    setUsedModel(modelName);
# --------------------------------------------------------------------------------
# [WARNING] src/components/SummaryDebugger.tsx:1728 (PREVENT_SET_STATE_LOOP_HAZARD)
#   Message: State setter 'setUsedModel' is called on the direct execution path of the component, which can trigger an immediate re-render and infinite loop.
#   Code:    setUsedModel(savedMetadata.model);
# --------------------------------------------------------------------------------
# [WARNING] src/components/SummaryDebugger.tsx:2876 (PREVENT_SET_STATE_LOOP_HAZARD)
#   Message: State setter 'setUsedModel' is called on the direct execution path of the component, which can trigger an immediate re-render and infinite loop.
#   Code:    setUsedModel(item.model);
# --------------------------------------------------------------------------------
# [WARNING] src/components/SummaryDebugger.tsx:1047 (PREVENT_SET_STATE_LOOP_HAZARD)
#   Message: State setter 'setValidationHistory' is called on the direct execution path of the component, which can trigger an immediate re-render and infinite loop.
#   Code:    setValidationHistory(data);
# --------------------------------------------------------------------------------
# [WARNING] src/components/SummaryDebugger.tsx:1062 (PREVENT_SET_STATE_LOOP_HAZARD)
#   Message: State setter 'setExperimentHistory' is called on the direct execution path of the component, which can trigger an immediate re-render and infinite loop.
#   Code:    setExperimentHistory(data);
# --------------------------------------------------------------------------------
# [WARNING] src/components/SummaryDebugger.tsx:1108 (PREVENT_SET_STATE_LOOP_HAZARD)
#   Message: State setter 'setExperimentHistory' is called on the direct execution path of the component, which can trigger an immediate re-render and infinite loop.
#   Code:    setExperimentHistory([]);
# --------------------------------------------------------------------------------
# [WARNING] src/components/SummaryDebugger.tsx:1043 (PREVENT_SET_STATE_LOOP_HAZARD)
#   Message: State setter 'setLoadingHistory' is called on the direct execution path of the component, which can trigger an immediate re-render and infinite loop.
#   Code:    setLoadingHistory(true);
# --------------------------------------------------------------------------------
# [WARNING] src/components/SummaryDebugger.tsx:1052 (PREVENT_SET_STATE_LOOP_HAZARD)
#   Message: State setter 'setLoadingHistory' is called on the direct execution path of the component, which can trigger an immediate re-render and infinite loop.
#   Code:    setLoadingHistory(false);
# --------------------------------------------------------------------------------
# [WARNING] src/components/SummaryDebugger.tsx:989 (PREVENT_SET_STATE_LOOP_HAZARD)
#   Message: State setter 'setCustomPrompt' is called on the direct execution path of the component, which can trigger an immediate re-render and infinite loop.
#   Code:    setCustomPrompt(
# --------------------------------------------------------------------------------
# [WARNING] src/components/SummaryDebugger.tsx:998 (PREVENT_SET_STATE_LOOP_HAZARD)
#   Message: State setter 'setCustomPrompt' is called on the direct execution path of the component, which can trigger an immediate re-render and infinite loop.
#   Code:    setCustomPrompt(
# --------------------------------------------------------------------------------
# [WARNING] src/components/SummaryDebugger.tsx:1002 (PREVENT_SET_STATE_LOOP_HAZARD)
#   Message: State setter 'setCustomPrompt' is called on the direct execution path of the component, which can trigger an immediate re-render and infinite loop.
#   Code:    setCustomPrompt(
# --------------------------------------------------------------------------------
# [WARNING] src/components/SummaryDebugger.tsx:790 (PREVENT_SET_STATE_LOOP_HAZARD)
#   Message: State setter 'setJsonMode' is called on the direct execution path of the component, which can trigger an immediate re-render and infinite loop.
#   Code:    setJsonMode(mode);
# --------------------------------------------------------------------------------
# [WARNING] src/components/SummaryDebugger.tsx:846 (PREVENT_SET_STATE_LOOP_HAZARD)
#   Message: State setter 'setFirestorePersisted' is called on the direct execution path of the component, which can trigger an immediate re-render and infinite loop.
#   Code:    setFirestorePersisted("not_persisted");
# --------------------------------------------------------------------------------
# [WARNING] src/components/SummaryDebugger.tsx:850 (PREVENT_SET_STATE_LOOP_HAZARD)
#   Message: State setter 'setFirestorePersisted' is called on the direct execution path of the component, which can trigger an immediate re-render and infinite loop.
#   Code:    setFirestorePersisted("checking");
# --------------------------------------------------------------------------------
# [WARNING] src/components/SummaryDebugger.tsx:858 (PREVENT_SET_STATE_LOOP_HAZARD)
#   Message: State setter 'setFirestorePersisted' is called on the direct execution path of the component, which can trigger an immediate re-render and infinite loop.
#   Code:    setFirestorePersisted("persisted");
# --------------------------------------------------------------------------------
# [WARNING] src/components/SummaryDebugger.tsx:865 (PREVENT_SET_STATE_LOOP_HAZARD)
#   Message: State setter 'setFirestorePersisted' is called on the direct execution path of the component, which can trigger an immediate re-render and infinite loop.
#   Code:    setFirestorePersisted("not_persisted");
# --------------------------------------------------------------------------------
# [WARNING] src/components/SummaryDebugger.tsx:869 (PREVENT_SET_STATE_LOOP_HAZARD)
#   Message: State setter 'setFirestorePersisted' is called on the direct execution path of the component, which can trigger an immediate re-render and infinite loop.
#   Code:    setFirestorePersisted("failed");
# --------------------------------------------------------------------------------
# [WARNING] src/components/SummaryDebugger.tsx:880 (PREVENT_SET_STATE_LOOP_HAZARD)
#   Message: State setter 'setFirestorePersisted' is called on the direct execution path of the component, which can trigger an immediate re-render and infinite loop.
#   Code:    setFirestorePersisted("not_persisted");
# --------------------------------------------------------------------------------
# [WARNING] src/components/SummaryDebugger.tsx:949 (PREVENT_SET_STATE_LOOP_HAZARD)
#   Message: State setter 'setFirestorePersisted' is called on the direct execution path of the component, which can trigger an immediate re-render and infinite loop.
#   Code:    setFirestorePersisted("persisted");
# --------------------------------------------------------------------------------
# [WARNING] src/components/SummaryDebugger.tsx:965 (PREVENT_SET_STATE_LOOP_HAZARD)
#   Message: State setter 'setFirestorePersisted' is called on the direct execution path of the component, which can trigger an immediate re-render and infinite loop.
#   Code:    setFirestorePersisted("persisted");
# --------------------------------------------------------------------------------
# [WARNING] src/components/SummaryDebugger.tsx:903 (PREVENT_SET_STATE_LOOP_HAZARD)
#   Message: State setter 'setSavingToFirestore' is called on the direct execution path of the component, which can trigger an immediate re-render and infinite loop.
#   Code:    setSavingToFirestore(true);
# --------------------------------------------------------------------------------
# [WARNING] src/components/SummaryDebugger.tsx:950 (PREVENT_SET_STATE_LOOP_HAZARD)
#   Message: State setter 'setSavingToFirestore' is called on the direct execution path of the component, which can trigger an immediate re-render and infinite loop.
#   Code:    setSavingToFirestore(false);
# --------------------------------------------------------------------------------
# [WARNING] src/components/SummaryDebugger.tsx:979 (PREVENT_SET_STATE_LOOP_HAZARD)
#   Message: State setter 'setSavingToFirestore' is called on the direct execution path of the component, which can trigger an immediate re-render and infinite loop.
#   Code:    setSavingToFirestore(false);
# --------------------------------------------------------------------------------
# [WARNING] src/components/SummaryDebugger.tsx:890 (PREVENT_SET_STATE_LOOP_HAZARD)
#   Message: State setter 'setSaveStatus' is called on the direct execution path of the component, which can trigger an immediate re-render and infinite loop.
#   Code:    setSaveStatus({
# --------------------------------------------------------------------------------
# [WARNING] src/components/SummaryDebugger.tsx:899 (PREVENT_SET_STATE_LOOP_HAZARD)
#   Message: State setter 'setSaveStatus' is called on the direct execution path of the component, which can trigger an immediate re-render and infinite loop.
#   Code:    setSaveStatus({ type: "error", message: "ファイルIDが見つかりません。" });
# --------------------------------------------------------------------------------
# [WARNING] src/components/SummaryDebugger.tsx:904 (PREVENT_SET_STATE_LOOP_HAZARD)
#   Message: State setter 'setSaveStatus' is called on the direct execution path of the component, which can trigger an immediate re-render and infinite loop.
#   Code:    setSaveStatus({ type: null, message: null });
# --------------------------------------------------------------------------------
# [WARNING] src/components/SummaryDebugger.tsx:932 (PREVENT_SET_STATE_LOOP_HAZARD)
#   Message: State setter 'setSaveStatus' is called on the direct execution path of the component, which can trigger an immediate re-render and infinite loop.
#   Code:    setSaveStatus({
# --------------------------------------------------------------------------------
# [WARNING] src/components/SummaryDebugger.tsx:944 (PREVENT_SET_STATE_LOOP_HAZARD)
#   Message: State setter 'setSaveStatus' is called on the direct execution path of the component, which can trigger an immediate re-render and infinite loop.
#   Code:    setSaveStatus({
# --------------------------------------------------------------------------------
# [WARNING] src/components/SummaryDebugger.tsx:961 (PREVENT_SET_STATE_LOOP_HAZARD)
#   Message: State setter 'setSaveStatus' is called on the direct execution path of the component, which can trigger an immediate re-render and infinite loop.
#   Code:    setSaveStatus({
# --------------------------------------------------------------------------------
# [WARNING] src/components/SummaryDebugger.tsx:976 (PREVENT_SET_STATE_LOOP_HAZARD)
#   Message: State setter 'setSaveStatus' is called on the direct execution path of the component, which can trigger an immediate re-render and infinite loop.
#   Code:    setSaveStatus({ type: "error", message: formattedErr.message });
# --------------------------------------------------------------------------------
# [WARNING] src/components/SummaryDebugger.tsx:847 (PREVENT_SET_STATE_LOOP_HAZARD)
#   Message: State setter 'setSavedMetadata' is called on the direct execution path of the component, which can trigger an immediate re-render and infinite loop.
#   Code:    setSavedMetadata(null);
# --------------------------------------------------------------------------------
# [WARNING] src/components/SummaryDebugger.tsx:857 (PREVENT_SET_STATE_LOOP_HAZARD)
#   Message: State setter 'setSavedMetadata' is called on the direct execution path of the component, which can trigger an immediate re-render and infinite loop.
#   Code:    setSavedMetadata(data);
# --------------------------------------------------------------------------------
# [WARNING] src/components/SummaryDebugger.tsx:864 (PREVENT_SET_STATE_LOOP_HAZARD)
#   Message: State setter 'setSavedMetadata' is called on the direct execution path of the component, which can trigger an immediate re-render and infinite loop.
#   Code:    setSavedMetadata(null);
# --------------------------------------------------------------------------------
# [WARNING] src/components/SummaryDebugger.tsx:870 (PREVENT_SET_STATE_LOOP_HAZARD)
#   Message: State setter 'setSavedMetadata' is called on the direct execution path of the component, which can trigger an immediate re-render and infinite loop.
#   Code:    setSavedMetadata(null);
# --------------------------------------------------------------------------------
# [WARNING] src/components/SummaryDebugger.tsx:881 (PREVENT_SET_STATE_LOOP_HAZARD)
#   Message: State setter 'setSavedMetadata' is called on the direct execution path of the component, which can trigger an immediate re-render and infinite loop.
#   Code:    setSavedMetadata(null);
# --------------------------------------------------------------------------------
# [WARNING] src/components/SummaryDebugger.tsx:966 (PREVENT_SET_STATE_LOOP_HAZARD)
#   Message: State setter 'setSavedMetadata' is called on the direct execution path of the component, which can trigger an immediate re-render and infinite loop.
#   Code:    setSavedMetadata(sanitizedMetadata);
# --------------------------------------------------------------------------------
# [WARNING] src/components/SummaryDebugger.tsx:861 (PREVENT_SET_STATE_LOOP_HAZARD)
#   Message: State setter 'setSelectedParentId' is called on the direct execution path of the component, which can trigger an immediate re-render and infinite loop.
#   Code:    setSelectedParentId(parentIdVal);
# --------------------------------------------------------------------------------
# [WARNING] src/components/SummaryDebugger.tsx:2481 (PREVENT_SET_STATE_LOOP_HAZARD)
#   Message: State setter 'setSelectedParentId' is called on the direct execution path of the component, which can trigger an immediate re-render and infinite loop.
#   Code:    setSelectedParentId(e.target.value)
# --------------------------------------------------------------------------------
# [WARNING] src/components/SummaryDebugger.tsx:830 (PREVENT_SET_STATE_LOOP_HAZARD)
#   Message: State setter 'setDirs' is called on the direct execution path of the component, which can trigger an immediate re-render and infinite loop.
#   Code:    setDirs(fetchedDirs);
# --------------------------------------------------------------------------------
# [WARNING] src/components/SummaryDebugger.tsx:822 (PREVENT_SET_STATE_LOOP_HAZARD)
#   Message: State setter 'setLoadingDirs' is called on the direct execution path of the component, which can trigger an immediate re-render and infinite loop.
#   Code:    setLoadingDirs(true);
# --------------------------------------------------------------------------------
# [WARNING] src/components/SummaryDebugger.tsx:834 (PREVENT_SET_STATE_LOOP_HAZARD)
#   Message: State setter 'setLoadingDirs' is called on the direct execution path of the component, which can trigger an immediate re-render and infinite loop.
#   Code:    setLoadingDirs(false);
# --------------------------------------------------------------------------------
# [WARNING] src/components/SummaryDebugger.tsx:1444 (PREVENT_SET_STATE_LOOP_HAZARD)
#   Message: State setter 'setCopied' is called on the direct execution path of the component, which can trigger an immediate re-render and infinite loop.
#   Code:    setCopied(true);
# --------------------------------------------------------------------------------
# [WARNING] src/components/SummaryDebugger.tsx:1458 (PREVENT_SET_STATE_LOOP_HAZARD)
#   Message: State setter 'setCopied' is called on the direct execution path of the component, which can trigger an immediate re-render and infinite loop.
#   Code:    setCopied(true);
# --------------------------------------------------------------------------------
# [WARNING] src/components/SummaryDebugger.tsx:1402 (PREVENT_SET_STATE_LOOP_HAZARD)
#   Message: State setter 'setErrorCopied' is called on the direct execution path of the component, which can trigger an immediate re-render and infinite loop.
#   Code:    setErrorCopied(true);
# --------------------------------------------------------------------------------
# [WARNING] src/components/SummaryDebugger.tsx:1412 (PREVENT_SET_STATE_LOOP_HAZARD)
#   Message: State setter 'setErrorCopied' is called on the direct execution path of the component, which can trigger an immediate re-render and infinite loop.
#   Code:    setErrorCopied(true);
# --------------------------------------------------------------------------------
# [WARNING] src/components/SummaryDebugger.tsx:2341 (PREVENT_SET_STATE_LOOP_HAZARD)
#   Message: State setter 'setErrorCopied' is called on the direct execution path of the component, which can trigger an immediate re-render and infinite loop.
#   Code:    setErrorCopied(true);
# --------------------------------------------------------------------------------
# Subtest: Proposal B: Runtime Coalescer correctly batches rapid updates
ok 29 - Proposal B: Runtime Coalescer correctly batches rapid updates
  ---
  duration_ms: 37.499128
  type: 'test'
  ...
# Subtest: Continuous Integration: Workspace-wide Performance & Leak Audit
ok 30 - Continuous Integration: Workspace-wide Performance & Leak Audit
  ---
  duration_ms: 218.345827
  type: 'test'
  ...
# Subtest: buildSummaryDebugSystemInstruction
    # Subtest: prompt does not list invalid document kinds
    ok 1 - prompt does not list invalid document kinds
      ---
      duration_ms: 28.111293
      type: 'test'
      ...
    # Subtest: prompt does not list invalid subject domains
    ok 2 - prompt does not list invalid subject domains
      ---
      duration_ms: 0.35229
      type: 'test'
      ...
    # Subtest: prompt does not list invalid role categories
    ok 3 - prompt does not list invalid role categories
      ---
      duration_ms: 0.352603
      type: 'test'
      ...
    # Subtest: prompt includes exact source token embeddedMetadata and avoids metadata as valid
    ok 4 - prompt includes exact source token embeddedMetadata and avoids metadata as valid
      ---
      duration_ms: 0.564001
      type: 'test'
      ...
    # Subtest: prompt includes mapping examples
    ok 5 - prompt includes mapping examples
      ---
      duration_ms: 0.218431
      type: 'test'
      ...
    # Subtest: prompt includes draft.2 root sections and omits legacy
    ok 6 - prompt includes draft.2 root sections and omits legacy
      ---
      duration_ms: 0.517057
      type: 'test'
      ...
    1..6
ok 31 - buildSummaryDebugSystemInstruction
  ---
  duration_ms: 32.786014
  type: 'test'
  ...
# Subtest: savedSummaryBrowser helpers
    # Subtest: sortSavedSummariesByGeneratedAt sorts by date descending and handles malformed dates without throwing
    ok 1 - sortSavedSummariesByGeneratedAt sorts by date descending and handles malformed dates without throwing
      ---
      duration_ms: 1.095925
      type: 'test'
      ...
    # Subtest: filterSavedSummaries handles empty lists and matches searches/filters correctly
    ok 2 - filterSavedSummaries handles empty lists and matches searches/filters correctly
      ---
      duration_ms: 0.439351
      type: 'test'
      ...
    # Subtest: summarizeSubjectAreas formats areas correctly
    ok 3 - summarizeSubjectAreas formats areas correctly
      ---
      duration_ms: 0.332241
      type: 'test'
      ...
    # Subtest: getDocumentTypeOptions and getSubjectAreaOptions extract unique sorted options
    ok 4 - getDocumentTypeOptions and getSubjectAreaOptions extract unique sorted options
      ---
      duration_ms: 1.836642
      type: 'test'
      ...
    # Subtest: sanitizeSavedSummaryForClipboard strips raw fields and secrets perfectly
    ok 5 - sanitizeSavedSummaryForClipboard strips raw fields and secrets perfectly
      ---
      duration_ms: 0.211712
      type: 'test'
      ...
    1..5
ok 32 - savedSummaryBrowser helpers
  ---
  duration_ms: 5.306229
  type: 'suite'
  ...
# Subtest: buildScanCacheKeyParts normalizes and produces correct outputs
ok 33 - buildScanCacheKeyParts normalizes and produces correct outputs
  ---
  duration_ms: 1.375272
  type: 'test'
  ...
# Subtest: scanTraversal
    # Subtest: Drive API response nodes added to pathResolutionMap are not considered persisted
    ok 1 - Drive API response nodes added to pathResolutionMap are not considered persisted
      ---
      duration_ms: 1.514126
      type: 'test'
      ...
    # Subtest: skipExistingFolders skips only IDs present in persistedDirsMap
    ok 2 - skipExistingFolders skips only IDs present in persistedDirsMap
      ---
      duration_ms: 0.315123
      type: 'test'
      ...
    # Subtest: newly fetched but not persisted folder is written/discovered when skipExistingFolders is true
    ok 3 - newly fetched but not persisted folder is written/discovered when skipExistingFolders is true
      ---
      duration_ms: 0.220449
      type: 'test'
      ...
    # Subtest: existing persisted folder is skipped when skipExistingFolders is true
    ok 4 - existing persisted folder is skipped when skipExistingFolders is true
      ---
      duration_ms: 0.208452
      type: 'test'
      ...
    # Subtest: ignored-folder deletion checks use persisted state, not temporary path-resolution state
    ok 5 - ignored-folder deletion checks use persisted state, not temporary path-resolution state
      ---
      duration_ms: 0.213653
      type: 'test'
      ...
    # Subtest: traversal queue sorts null last_traversed_at before timestamped folders
    ok 6 - traversal queue sorts null last_traversed_at before timestamped folders
      ---
      duration_ms: 0.495992
      type: 'test'
      ...
    # Subtest: root uses root-specific state rather than a directory document
    ok 7 - root uses root-specific state rather than a directory document
      ---
      duration_ms: 0.23163
      type: 'test'
      ...
    # Subtest: active folder receives last_traversed_at update even when zero children are returned
    ok 8 - active folder receives last_traversed_at update even when zero children are returned
      ---
      duration_ms: 0.407624
      type: 'test'
      ...
    # Subtest: active folder receives last_traversed_at update even when all children are skipped
    ok 9 - active folder receives last_traversed_at update even when all children are skipped
      ---
      duration_ms: 0.334343
      type: 'test'
      ...
    # Subtest: active folder receives next_page_token when continuation exists
    ok 10 - active folder receives next_page_token when continuation exists
      ---
      duration_ms: 0.705005
      type: 'test'
      ...
    # Subtest: when next_page_token is null, the folder no longer qualifies as unscanned in the next queue build
    ok 11 - when next_page_token is null, the folder no longer qualifies as unscanned in the next queue build
      ---
      duration_ms: 0.342493
      type: 'test'
      ...
    # Subtest: local maps are updated immediately after traversal timestamp write
    ok 12 - local maps are updated immediately after traversal timestamp write
      ---
      duration_ms: 0.209763
      type: 'test'
      ...
    1..12
ok 34 - scanTraversal
  ---
  duration_ms: 7.275898
  type: 'suite'
  ...
# Subtest: Privacy and Cache Sanitization
    # Subtest: sanitizeResultForCache removes unsafe fields (rawText, requestPreview, systemInstruction, taskPrompt, contentSampleSnippet)
    ok 1 - sanitizeResultForCache removes unsafe fields (rawText, requestPreview, systemInstruction, taskPrompt, contentSampleSnippet)
      ---
      duration_ms: 2.054611
      type: 'test'
      ...
    # Subtest: sanitizeResultForHistory removes unsafe fields
    ok 2 - sanitizeResultForHistory removes unsafe fields
      ---
      duration_ms: 0.24987
      type: 'test'
      ...
    # Subtest: sanitizeResultForResponse removes rawText but can include requestPreview
    ok 3 - sanitizeResultForResponse removes rawText but can include requestPreview
      ---
      duration_ms: 0.206132
      type: 'test'
      ...
    # Subtest: isDriveContentCacheEnabled snippet cache checks
        # Subtest: returns false when ENABLE_DRIVE_CONTENT_CACHE is unset or not true
        ok 1 - returns false when ENABLE_DRIVE_CONTENT_CACHE is unset or not true
          ---
          duration_ms: 0.590872
          type: 'test'
          ...
        # Subtest: returns true when ENABLE_DRIVE_CONTENT_CACHE is true
        ok 2 - returns true when ENABLE_DRIVE_CONTENT_CACHE is true
          ---
          duration_ms: 0.661738
          type: 'test'
          ...
        1..2
    ok 4 - isDriveContentCacheEnabled snippet cache checks
      ---
      duration_ms: 1.56464
      type: 'suite'
      ...
    1..4
ok 35 - Privacy and Cache Sanitization
  ---
  duration_ms: 5.860279
  type: 'suite'
  ...
# Subtest: evaluateStructuredSummaryQuality
    # Subtest: valid Gemini-like output with dataset and non-empty subjectAreas -> status valid
    ok 1 - valid Gemini-like output with dataset and non-empty subjectAreas -> status valid
      ---
      duration_ms: 2.168326
      type: 'test'
      ...
    # Subtest: valid output with fallback unknown-only document kind -> status validLowQuality
    ok 2 - valid output with fallback unknown-only document kind -> status validLowQuality
      ---
      duration_ms: 0.504758
      type: 'test'
      ...
    # Subtest: valid output with empty subjectAreas -> status validLowQuality
    ok 3 - valid output with empty subjectAreas -> status validLowQuality
      ---
      duration_ms: 0.200918
      type: 'test'
      ...
    # Subtest: valid Gemma promptedJson output is flagged correctly
    ok 4 - valid Gemma promptedJson output is flagged correctly
      ---
      duration_ms: 0.272039
      type: 'test'
      ...
    # Subtest: invalid output (missing core summaries) -> status invalid
    ok 5 - invalid output (missing core summaries) -> status invalid
      ---
      duration_ms: 0.238477
      type: 'test'
      ...
    # Subtest: null output -> status invalid
    ok 6 - null output -> status invalid
      ---
      duration_ms: 0.180179
      type: 'test'
      ...
    # Subtest: quality report does not leak raw text, prompts, content preview, or tokens
    ok 7 - quality report does not leak raw text, prompts, content preview, or tokens
      ---
      duration_ms: 0.380417
      type: 'test'
      ...
    1..7
ok 36 - evaluateStructuredSummaryQuality
  ---
  duration_ms: 5.840003
  type: 'suite'
  ...
# Subtest: repairSummaryAnalysisV12ControlledVocabularies
    # Subtest: repairs vocabulary versions to draft.1
    ok 1 - repairs vocabulary versions to draft.1
      ---
      duration_ms: 2.064636
      type: 'test'
      ...
    # Subtest: repairs spreadsheet to dataset
    ok 2 - repairs spreadsheet to dataset
      ---
      duration_ms: 0.498332
      type: 'test'
      ...
    # Subtest: repairs subject domain aliases
    ok 3 - repairs subject domain aliases
      ---
      duration_ms: 0.432837
      type: 'test'
      ...
    # Subtest: suppresses no-op warnings for already correct domains
    ok 4 - suppresses no-op warnings for already correct domains
      ---
      duration_ms: 29.479899
      type: 'test'
      ...
    # Subtest: aggregates temporal role category warnings
    ok 5 - aggregates temporal role category warnings
      ---
      duration_ms: 0.456825
      type: 'test'
      ...
    # Subtest: repairs subject label kinds
    ok 6 - repairs subject label kinds
      ---
      duration_ms: 0.237286
      type: 'test'
      ...
    # Subtest: repairs party role categories
    ok 7 - repairs party role categories
      ---
      duration_ms: 0.348109
      type: 'test'
      ...
    # Subtest: repairs temporal role categories
    ok 8 - repairs temporal role categories
      ---
      duration_ms: 0.338985
      type: 'test'
      ...
    # Subtest: repairs monetary role categories
    ok 9 - repairs monetary role categories
      ---
      duration_ms: 0.462459
      type: 'test'
      ...
    # Subtest: repairs keyword sources
    ok 10 - repairs keyword sources
      ---
      duration_ms: 3.934227
      type: 'test'
      ...
    # Subtest: deduplicates keywords including source in key
    ok 11 - deduplicates keywords including source in key
      ---
      duration_ms: 1.877793
      type: 'test'
      ...
    # Subtest: removes unknown document kind if others exist
    ok 12 - removes unknown document kind if others exist
      ---
      duration_ms: 0.266861
      type: 'test'
      ...
    # Subtest: full cycle: normalize, repair, and validate passes strict checks
    ok 13 - full cycle: normalize, repair, and validate passes strict checks
      ---
      duration_ms: 13.453546
      type: 'test'
      ...
    1..13
ok 37 - repairSummaryAnalysisV12ControlledVocabularies
  ---
  duration_ms: 56.199344
  type: 'suite'
  ...
# Subtest: processStructuredSummaryOutput handles empty structured output '{}'
ok 38 - processStructuredSummaryOutput handles empty structured output '{}'
  ---
  duration_ms: 2.411272
  type: 'test'
  ...
# Subtest: processStructuredSummaryOutput handles empty string with parse error
ok 39 - processStructuredSummaryOutput handles empty string with parse error
  ---
  duration_ms: 0.619798
  type: 'test'
  ...
# Subtest: processStructuredSummaryOutput handles object with missing most root sections
ok 40 - processStructuredSummaryOutput handles object with missing most root sections
  ---
  duration_ms: 2.191213
  type: 'test'
  ...
# Subtest: processStructuredSummaryOutput full valid draft.2 object is not underGeneratedStructuredOutput
ok 41 - processStructuredSummaryOutput full valid draft.2 object is not underGeneratedStructuredOutput
  ---
  duration_ms: 12.937286
  type: 'test'
  ...
# Subtest: processStructuredSummaryOutput Gemma-style '{}' does not call repair-only LLM as a normal validation repair case
ok 42 - processStructuredSummaryOutput Gemma-style '{}' does not call repair-only LLM as a normal validation repair case
  ---
  duration_ms: 0.300379
  type: 'test'
  ...
# Subtest: v1.2: JSON Schema is loaded and parses correctly
ok 43 - v1.2: JSON Schema is loaded and parses correctly
  ---
  duration_ms: 1.341578
  type: 'test'
  ...
# Subtest: v1.2: TypeScript vocabulary constants match JSON sources
ok 44 - v1.2: TypeScript vocabulary constants match JSON sources
  ---
  duration_ms: 2.243217
  type: 'test'
  ...
# Subtest: v1.2: all synthetic examples pass schema and custom validations
ok 45 - v1.2: all synthetic examples pass schema and custom validations
  ---
  duration_ms: 8.391819
  type: 'test'
  ...
# Subtest: v1.2: validation fails on invalid document kind vocabulary values
ok 46 - v1.2: validation fails on invalid document kind vocabulary values
  ---
  duration_ms: 10.244422
  type: 'test'
  ...
# Subtest: v1.2: validation enforces that 'unknown' kind is used alone
ok 47 - v1.2: validation enforces that 'unknown' kind is used alone
  ---
  duration_ms: 0.356594
  type: 'test'
  ...
# Subtest: v1.2: validation enforces that 'unknown' subject domain is used alone
ok 48 - v1.2: validation enforces that 'unknown' subject domain is used alone
  ---
  duration_ms: 0.3438
  type: 'test'
  ...
# Subtest: v1.2: validation enforces that 'other' subject domain has at least one label
ok 49 - v1.2: validation enforces that 'other' subject domain has at least one label
  ---
  duration_ms: 0.432613
  type: 'test'
  ...
# Subtest: v1.2: validation checks displayTitle source consistency
ok 50 - v1.2: validation checks displayTitle source consistency
  ---
  duration_ms: 0.294765
  type: 'test'
  ...
# Subtest: v1.2: validation enforces generic fileNameTitle has a reason
ok 51 - v1.2: validation enforces generic fileNameTitle has a reason
  ---
  duration_ms: 0.55696
  type: 'test'
  ...
# Subtest: v1.2: validation checks roles categories vocabulary compliance
ok 52 - v1.2: validation checks roles categories vocabulary compliance
  ---
  duration_ms: 0.678851
  type: 'test'
  ...
# Subtest: v1.2: validation checks raw field limits (maximum 240 characters)
ok 53 - v1.2: validation checks raw field limits (maximum 240 characters)
  ---
  duration_ms: 0.351455
  type: 'test'
  ...
# Subtest: v1.2: normalizer trims strings and trims optional candidates cleanly
ok 54 - v1.2: normalizer trims strings and trims optional candidates cleanly
  ---
  duration_ms: 2.56663
  type: 'test'
  ...
# Subtest: v1.2: normalizer caps document kinds and subject domains array length to 5
ok 55 - v1.2: normalizer caps document kinds and subject domains array length to 5
  ---
  duration_ms: 0.389962
  type: 'test'
  ...
# Subtest: v1.2: normalizer truncates excessive raw fields (length > 240) deterministically
ok 56 - v1.2: normalizer truncates excessive raw fields (length > 240) deterministically
  ---
  duration_ms: 0.273404
  type: 'test'
  ...
# Subtest: v1.2: normalizer detects and redacts security sensitive credentials
ok 57 - v1.2: normalizer detects and redacts security sensitive credentials
  ---
  duration_ms: 0.246885
  type: 'test'
  ...
# Subtest: v1.2: validation explicitly rejects objects containing indexing.topics
ok 58 - v1.2: validation explicitly rejects objects containing indexing.topics
  ---
  duration_ms: 0.412708
  type: 'test'
  ...
# Subtest: v1.2: validation explicitly rejects string items in indexing.keywords
ok 59 - v1.2: validation explicitly rejects string items in indexing.keywords
  ---
  duration_ms: 0.23378
  type: 'test'
  ...
# Subtest: v1.2: validation rejects invalid keyword sources like legacy surface or inferred
ok 60 - v1.2: validation rejects invalid keyword sources like legacy surface or inferred
  ---
  duration_ms: 0.262554
  type: 'test'
  ...
# Subtest: v1.2: normalizer maps legacy keyword sources to valid draft.2 provenance sources
ok 61 - v1.2: normalizer maps legacy keyword sources to valid draft.2 provenance sources
  ---
  duration_ms: 0.452009
  type: 'test'
  ...
# Subtest: v1.2: normalizer performs stable deduplication by composite key and merges search variants
ok 62 - v1.2: normalizer performs stable deduplication by composite key and merges search variants
  ---
  duration_ms: 0.79877
  type: 'test'
  ...
# Subtest: TextAnalysisRecord validation
    # Subtest: minimal successful TextAnalysisRecord validates
    ok 1 - minimal successful TextAnalysisRecord validates
      ---
      duration_ms: 39.630902
      type: 'test'
      ...
    # Subtest: record.schemaVersion must be text-analysis-record.v0.1.0
    ok 2 - record.schemaVersion must be text-analysis-record.v0.1.0
      ---
      duration_ms: 0.606894
      type: 'test'
      ...
    # Subtest: success=true with summaryAnalysis validates
    ok 3 - success=true with summaryAnalysis validates
      ---
      duration_ms: 0.223966
      type: 'test'
      ...
    # Subtest: failure record without summaryAnalysis validates if error/failureKind exists
    ok 4 - failure record without summaryAnalysis validates if error/failureKind exists
      ---
      duration_ms: 0.195835
      type: 'test'
      ...
    # Subtest: summaryAnalysis が不正な場合 record validation が失敗する
    ok 5 - summaryAnalysis が不正な場合 record validation が失敗する
      ---
      duration_ms: 0.293607
      type: 'test'
      ...
    # Subtest: subject label language=null が validation で許容される
    ok 6 - subject label language=null が validation で許容される
      ---
      duration_ms: 0.449373
      type: 'test'
      ...
    # Subtest: record に executionPrivate/customInstruction raw text が入らない
    ok 7 - record に executionPrivate/customInstruction raw text が入らない
      ---
      duration_ms: 0.384018
      type: 'test'
      ...
    # Subtest: underGeneratedStructuredOutput が failureKind として型・record に入る
    ok 8 - underGeneratedStructuredOutput が failureKind として型・record に入る
      ---
      duration_ms: 2.859313
      type: 'test'
      ...
    # Subtest: qualityStatus に型外の excellent が出ない
    ok 9 - qualityStatus に型外の excellent が出ない
      ---
      duration_ms: 0.874943
      type: 'test'
      ...
    # Subtest: buildFailedTextAnalysisRecord creates a compliant failure record
    ok 10 - buildFailedTextAnalysisRecord creates a compliant failure record
      ---
      duration_ms: 1.742257
      type: 'test'
      ...
    # Subtest: schema strictness - additionalProperties: false is enforced
    ok 11 - schema strictness - additionalProperties: false is enforced
      ---
      duration_ms: 8.285772
      type: 'test'
      ...
    1..11
ok 63 - TextAnalysisRecord validation
  ---
  duration_ms: 57.766321
  type: 'suite'
  ...
# Subtest: summaryMetadata
    # Subtest: builds metadata from valid structured response
    ok 1 - builds metadata from valid structured response
      ---
      duration_ms: 4.104051
      type: 'test'
      ...
    # Subtest: handles missing fileName/mimeType safely
    ok 2 - handles missing fileName/mimeType safely
      ---
      duration_ms: 0.48164
      type: 'test'
      ...
    # Subtest: getFileSummaryDocPath creates stable Firestore path under user scoped uid
    ok 3 - getFileSummaryDocPath creates stable Firestore path under user scoped uid
      ---
      duration_ms: 0.243115
      type: 'test'
      ...
    # Subtest: getFileSummaryDocPath rejects empty or invalid inputs to prevent path poisoning
    ok 4 - getFileSummaryDocPath rejects empty or invalid inputs to prevent path poisoning
      ---
      duration_ms: 0.453628
      type: 'test'
      ...
    # Subtest: isPersistableStructuredSummary works correctly
    ok 5 - isPersistableStructuredSummary works correctly
      ---
      duration_ms: 0.279151
      type: 'test'
      ...
    # Subtest: sanitizes undefined fields recursively
    ok 6 - sanitizes undefined fields recursively
      ---
      duration_ms: 0.568925
      type: 'test'
      ...
    # Subtest: preserves nested structures correctly (subjectAreas, resourceReferences, parties)
    ok 7 - preserves nested structures correctly (subjectAreas, resourceReferences, parties)
      ---
      duration_ms: 0.551771
      type: 'test'
      ...
    # Subtest: getSummaryMetadataStatus
        # Subtest: returns missing if savedMetadata is null or undefined
        ok 1 - returns missing if savedMetadata is null or undefined
          ---
          duration_ms: 0.571339
          type: 'test'
          ...
        # Subtest: returns invalid if fileId is empty or parsing failed or required fields are missing
        ok 2 - returns invalid if fileId is empty or parsing failed or required fields are missing
          ---
          duration_ms: 0.3662
          type: 'test'
          ...
        # Subtest: returns stale-schema on schema mismatch
        ok 3 - returns stale-schema on schema mismatch
          ---
          duration_ms: 0.492745
          type: 'test'
          ...
        # Subtest: returns stale-prompt on prompt or system instruction mismatch
        ok 4 - returns stale-prompt on prompt or system instruction mismatch
          ---
          duration_ms: 0.207168
          type: 'test'
          ...
        # Subtest: returns stale-file on file modifiedTime mismatch
        ok 5 - returns stale-file on file modifiedTime mismatch
          ---
          duration_ms: 0.209791
          type: 'test'
          ...
        # Subtest: returns current when all matches perfectly
        ok 6 - returns current when all matches perfectly
          ---
          duration_ms: 0.249197
          type: 'test'
          ...
        # Subtest: getSummaryMetadataStatusReasons
            # Subtest: identifies missing data reason
            ok 1 - identifies missing data reason
              ---
              duration_ms: 0.437628
              type: 'test'
              ...
            # Subtest: identifies incomplete fields reason
            ok 2 - identifies incomplete fields reason
              ---
              duration_ms: 0.188907
              type: 'test'
              ...
            # Subtest: identifies mismatch reasons
            ok 3 - identifies mismatch reasons
              ---
              duration_ms: 40.632907
              type: 'test'
              ...
            1..3
        ok 7 - getSummaryMetadataStatusReasons
          ---
          duration_ms: 41.62009
          type: 'suite'
          ...
        1..7
    ok 8 - getSummaryMetadataStatus
      ---
      duration_ms: 44.899988
      type: 'suite'
      ...
    1..8
ok 64 - summaryMetadata
  ---
  duration_ms: 53.354904
  type: 'suite'
  ...
# Subtest: Visual Fixtures Verification
    # Subtest: should validate and pass quality for landscape fixture
    ok 1 - should validate and pass quality for landscape fixture
      ---
      duration_ms: 2.245509
      type: 'test'
      ...
    # Subtest: should validate and pass quality for product fixture
    ok 2 - should validate and pass quality for product fixture
      ---
      duration_ms: 0.436015
      type: 'test'
      ...
    # Subtest: should validate and pass quality for document fixture
    ok 3 - should validate and pass quality for document fixture
      ---
      duration_ms: 0.317352
      type: 'test'
      ...
    # Subtest: should validate and pass quality for screenshot fixture
    ok 4 - should validate and pass quality for screenshot fixture
      ---
      duration_ms: 0.659106
      type: 'test'
      ...
    1..4
ok 65 - Visual Fixtures Verification
  ---
  duration_ms: 5.352219
  type: 'suite'
  ...
# Subtest: canonicalize sets schemaVersion to canonical version and creates diagnostics
ok 66 - canonicalize sets schemaVersion to canonical version and creates diagnostics
  ---
  duration_ms: 1.564101
  type: 'test'
  ...
# Subtest: canonicalize does not warn when schemaVersion is already canonical
ok 67 - canonicalize does not warn when schemaVersion is already canonical
  ---
  duration_ms: 0.276132
  type: 'test'
  ...
# Subtest: sanitizeDebugResponseForLocalStorage
    # Subtest: should redact rawOutputPreview in drive mode if option is false
    ok 1 - should redact rawOutputPreview in drive mode if option is false
      ---
      duration_ms: 1.202169
      type: 'test'
      ...
    # Subtest: should NOT redact rawOutputPreview in drive mode if option is true
    ok 2 - should NOT redact rawOutputPreview in drive mode if option is true
      ---
      duration_ms: 0.2318
      type: 'test'
      ...
    # Subtest: should NOT redact in public mode regardless of option
    ok 3 - should NOT redact in public mode regardless of option
      ---
      duration_ms: 0.167539
      type: 'test'
      ...
    1..3
ok 68 - sanitizeDebugResponseForLocalStorage
  ---
  duration_ms: 3.195335
  type: 'suite'
  ...
# Subtest: buildGenerationFailureResponse
    # Subtest: should handle ProviderError correctly
    ok 1 - should handle ProviderError correctly
      ---
      duration_ms: 3.666771
      type: 'test'
      ...
    # Subtest: should map providerRateLimited ProviderError correctly
    ok 2 - should map providerRateLimited ProviderError correctly
      ---
      duration_ms: 0.349762
      type: 'test'
      ...
    # Subtest: should map providerQuotaExceeded ProviderError correctly
    ok 3 - should map providerQuotaExceeded ProviderError correctly
      ---
      duration_ms: 0.300484
      type: 'test'
      ...
    # Subtest: should handle generic Error
    ok 4 - should handle generic Error
      ---
      duration_ms: 0.266533
      type: 'test'
      ...
    # Subtest: should handle string error
    ok 5 - should handle string error
      ---
      duration_ms: 0.258181
      type: 'test'
      ...
    # Subtest: should include metadata blocks
    ok 6 - should include metadata blocks
      ---
      duration_ms: 0.315263
      type: 'test'
      ...
    # Subtest: should unify analysisRun with runMetadata
    ok 7 - should unify analysisRun with runMetadata
      ---
      duration_ms: 0.3271
      type: 'test'
      ...
    1..7
ok 69 - buildGenerationFailureResponse
  ---
  duration_ms: 7.624941
  type: 'suite'
  ...
# Subtest: parseModelJsonOutput
    # Subtest: should parse valid JSON directly
    ok 1 - should parse valid JSON directly
      ---
      duration_ms: 2.850359
      type: 'test'
      ...
    # Subtest: should parse fenced JSON
    ok 2 - should parse fenced JSON
      ---
      duration_ms: 0.408393
      type: 'test'
      ...
    # Subtest: should parse extracted object JSON
    ok 3 - should parse extracted object JSON
      ---
      duration_ms: 0.405288
      type: 'test'
      ...
    # Subtest: should fail on malformed JSON
    ok 4 - should fail on malformed JSON
      ---
      duration_ms: 0.416632
      type: 'test'
      ...
    # Subtest: should correctly handle braces inside strings when extracting
    ok 5 - should correctly handle braces inside strings when extracting
      ---
      duration_ms: 0.207676
      type: 'test'
      ...
    1..5
ok 70 - parseModelJsonOutput
  ---
  duration_ms: 6.197068
  type: 'suite'
  ...
# Subtest: normalizeVisualAnalysis
    # Subtest: should preserve valid fields and populate defaults for missing ones
    ok 1 - should preserve valid fields and populate defaults for missing ones
      ---
      duration_ms: 4.69797
      type: 'test'
      ...
    # Subtest: should fallback unknown image kind to "unknown"
    ok 2 - should fallback unknown image kind to "unknown"
      ---
      duration_ms: 0.334923
      type: 'test'
      ...
    # Subtest: should fallback unknown category to "unknown"
    ok 3 - should fallback unknown category to "unknown"
      ---
      duration_ms: 0.317934
      type: 'test'
      ...
    # Subtest: should remove unknown-only sceneContext
    ok 4 - should remove unknown-only sceneContext
      ---
      duration_ms: 0.525646
      type: 'test'
      ...
    # Subtest: should keep sceneContext if it has description
    ok 5 - should keep sceneContext if it has description
      ---
      duration_ms: 0.290825
      type: 'test'
      ...
    # Subtest: should remove unknown-only stateContext and preserve missing primary flag
    ok 6 - should remove unknown-only stateContext and preserve missing primary flag
      ---
      duration_ms: 0.438104
      type: 'test'
      ...
    # Subtest: should preserve true primary flag
    ok 7 - should preserve true primary flag
      ---
      duration_ms: 0.442851
      type: 'test'
      ...
    # Subtest: should remove false primary flag
    ok 8 - should remove false primary flag
      ---
      duration_ms: 0.340497
      type: 'test'
      ...
    # Subtest: should remove weak scene context for isolated images
    ok 9 - should remove weak scene context for isolated images
      ---
      duration_ms: 0.532904
      type: 'test'
      ...
    # Subtest: should preserve strong scene context for isolated images
    ok 10 - should preserve strong scene context for isolated images
      ---
      duration_ms: 0.745998
      type: 'test'
      ...
    # Subtest: should preserve weak scene context for landscape images
    ok 11 - should preserve weak scene context for landscape images
      ---
      duration_ms: 0.28314
      type: 'test'
      ...
    # Subtest: should rescue string entry in visibleText
    ok 12 - should rescue string entry in visibleText
      ---
      duration_ms: 0.512145
      type: 'test'
      ...
    # Subtest: should fill default confidence for object entry in visibleText
    ok 13 - should fill default confidence for object entry in visibleText
      ---
      duration_ms: 0.245567
      type: 'test'
      ...
    # Subtest: should rescue non-enum free text into stateContext description
    ok 14 - should rescue non-enum free text into stateContext description
      ---
      duration_ms: 0.279612
      type: 'test'
      ...
    # Subtest: should append non-enum free text to existing stateContext description
    ok 15 - should append non-enum free text to existing stateContext description
      ---
      duration_ms: 0.257251
      type: 'test'
      ...
    1..15
ok 71 - normalizeVisualAnalysis
  ---
  duration_ms: 12.840366
  type: 'suite'
  ...
# Subtest: prompts
    # Subtest: should include correct instructions
    ok 1 - should include correct instructions
      ---
      duration_ms: 1.223135
      type: 'test'
      ...
    # Subtest: should include people safety instructions
    ok 2 - should include people safety instructions
      ---
      duration_ms: 0.240799
      type: 'test'
      ...
    1..2
ok 72 - prompts
  ---
  duration_ms: 2.877254
  type: 'suite'
  ...
# Subtest: buildGeminiVisualAnalysisResponseSchema removes schemaVersion, const, additionalProperties and leaves canonical schema intact
ok 73 - buildGeminiVisualAnalysisResponseSchema removes schemaVersion, const, additionalProperties and leaves canonical schema intact
  ---
  duration_ms: 1.416677
  type: 'test'
  ...
# Subtest: artifactUtils tests
    # Subtest: should correctly stringify and hash a simple object
    ok 1 - should correctly stringify and hash a simple object
      ---
      duration_ms: 1.640183
      type: 'test'
      ...
    # Subtest: should fail gracefully on circular references
    ok 2 - should fail gracefully on circular references
      ---
      duration_ms: 0.354879
      type: 'test'
      ...
    # Subtest: fnv1a32 matches expectations
    ok 3 - fnv1a32 matches expectations
      ---
      duration_ms: 0.336752
      type: 'test'
      ...
    1..3
ok 74 - artifactUtils tests
  ---
  duration_ms: 4.299056
  type: 'test'
  ...
# Subtest: Public Sample Batch Checkpoint
    # Subtest: isCheckpointCompatible matches compatible settings
    ok 1 - isCheckpointCompatible matches compatible settings
      ---
      duration_ms: 42.019483
      type: 'test'
      ...
    # Subtest: isCheckpointCompatible ignores changes in selected UI checkboxes
    ok 2 - isCheckpointCompatible ignores changes in selected UI checkboxes
      ---
      duration_ms: 0.283116
      type: 'test'
      ...
    # Subtest: isCheckpointCompatible fails on different model or jsonMode
    ok 3 - isCheckpointCompatible fails on different model or jsonMode
      ---
      duration_ms: 0.20452
      type: 'test'
      ...
    # Subtest: isCheckpointCompatible fails if target sample is missing from available samples
    ok 4 - isCheckpointCompatible fails if target sample is missing from available samples
      ---
      duration_ms: 0.332227
      type: 'test'
      ...
    # Subtest: shrinkCheckpointForLocalStorage successfully removes heavy raw output fields
    ok 5 - shrinkCheckpointForLocalStorage successfully removes heavy raw output fields
      ---
      duration_ms: 0.417704
      type: 'test'
      ...
    # Subtest: rebuildBatchSummaryFromCheckpoint reconstructs batch summary object
    ok 6 - rebuildBatchSummaryFromCheckpoint reconstructs batch summary object
      ---
      duration_ms: 0.308053
      type: 'test'
      ...
    1..6
ok 75 - Public Sample Batch Checkpoint
  ---
  duration_ms: 46.079571
  type: 'suite'
  ...
# Subtest: evaluateSampleComparison
    # Subtest: should pass for exact match
    ok 1 - should pass for exact match
      ---
      duration_ms: 4.809255
      type: 'test'
      ...
    # Subtest: should fail if expected text is missing
    ok 2 - should fail if expected text is missing
      ---
      duration_ms: 0.476464
      type: 'test'
      ...
    # Subtest: should warn if category missing
    ok 3 - should warn if category missing
      ---
      duration_ms: 0.398152
      type: 'test'
      ...
    # Subtest: should determine correct reviewStatus
    ok 4 - should determine correct reviewStatus
      ---
      duration_ms: 0.688427
      type: 'test'
      ...
    # Subtest: should support flexible matching rules and populate matches
    ok 5 - should support flexible matching rules and populate matches
      ---
      duration_ms: 1.342121
      type: 'test'
      ...
    # Subtest: should support landscapeElement category soft equivalence and category deduplication
    ok 6 - should support landscapeElement category soft equivalence and category deduplication
      ---
      duration_ms: 0.628506
      type: 'test'
      ...
    # Subtest: should compute correct coverage metrics and calibrated reviewStatus
    ok 7 - should compute correct coverage metrics and calibrated reviewStatus
      ---
      duration_ms: 1.542936
      type: 'test'
      ...
    # Subtest: should handle required vs optional expected metadata properly
    ok 8 - should handle required vs optional expected metadata properly
      ---
      duration_ms: 1.364214
      type: 'test'
      ...
    1..8
ok 76 - evaluateSampleComparison
  ---
  duration_ms: 13.16858
  type: 'suite'
  ...
# Subtest: evaluateSampleComparison extra cases
    # Subtest: acceptableImageKinds makes detected image kind acceptable
    ok 1 - acceptableImageKinds makes detected image kind acceptable
      ---
      duration_ms: 0.498662
      type: 'test'
      ...
    # Subtest: textRegion is acceptable when detectedText exists
    ok 2 - textRegion is acceptable when detectedText exists
      ---
      duration_ms: 0.661854
      type: 'test'
      ...
    1..2
ok 77 - evaluateSampleComparison extra cases
  ---
  duration_ms: 1.460418
  type: 'suite'
  ...
# Subtest: summarizeExpectedComparisonCounts and summarizeReviewCounts
    # Subtest: summarizeExpectedComparisonCounts tallies statuses correctly
    ok 1 - summarizeExpectedComparisonCounts tallies statuses correctly
      ---
      duration_ms: 0.442598
      type: 'test'
      ...
    # Subtest: summarizeReviewCounts tallies statuses correctly
    ok 2 - summarizeReviewCounts tallies statuses correctly
      ---
      duration_ms: 0.264411
      type: 'test'
      ...
    1..2
ok 78 - summarizeExpectedComparisonCounts and summarizeReviewCounts
  ---
  duration_ms: 0.927155
  type: 'suite'
  ...
# Subtest: evaluateSampleComparison record-aware structures
    # Subtest: should correctly read expectedMetadata and visualAnalysis from record
    ok 1 - should correctly read expectedMetadata and visualAnalysis from record
      ---
      duration_ms: 0.476186
      type: 'test'
      ...
    # Subtest: 8.1 acceptable image kind tests
    ok 2 - 8.1 acceptable image kind tests
      ---
      duration_ms: 0.739452
      type: 'test'
      ...
    # Subtest: 8.2 strict visibleText sentinel test
    ok 3 - 8.2 strict visibleText sentinel test
      ---
      duration_ms: 0.473219
      type: 'test'
      ...
    1..3
ok 79 - evaluateSampleComparison record-aware structures
  ---
  duration_ms: 1.965274
  type: 'suite'
  ...
# Subtest: Public Sample Batch Comparison Report
    # Subtest: should build a structured comparison report from multiple batch run summaries
    ok 1 - should build a structured comparison report from multiple batch run summaries
      ---
      duration_ms: 23.366805
      type: 'test'
      ...
    # Subtest: should support compact past run format and map category / jsonMode correctly
    ok 2 - should support compact past run format and map category / jsonMode correctly
      ---
      duration_ms: 1.288456
      type: 'test'
      ...
    1..2
ok 80 - Public Sample Batch Comparison Report
  ---
  duration_ms: 27.052923
  type: 'suite'
  ...
# Subtest: buildPublicSampleExpectedMetadata
    # Subtest: should map all expected and optional fields correctly from a sample
    ok 1 - should map all expected and optional fields correctly from a sample
      ---
      duration_ms: 2.940074
      type: 'test'
      ...
    # Subtest: should handle undefined optional fields gracefully
    ok 2 - should handle undefined optional fields gracefully
      ---
      duration_ms: 0.228412
      type: 'test'
      ...
    1..2
ok 81 - buildPublicSampleExpectedMetadata
  ---
  duration_ms: 4.491365
  type: 'suite'
  ...
# Subtest: Public Sample Visual Fixtures
    # Subtest: landscape fixture is valid
    ok 1 - landscape fixture is valid
      ---
      duration_ms: 1.250373
      type: 'test'
      ...
    # Subtest: receipt fixture is valid
    ok 2 - receipt fixture is valid
      ---
      duration_ms: 0.231986
      type: 'test'
      ...
    # Subtest: document with no text fixture is valid
    ok 3 - document with no text fixture is valid
      ---
      duration_ms: 0.245268
      type: 'test'
      ...
    1..3
ok 82 - Public Sample Visual Fixtures
  ---
  duration_ms: 3.023754
  type: 'suite'
  ...
# Subtest: Public Visual Sample Registry
    # Subtest: all sample IDs should be unique
    ok 1 - all sample IDs should be unique
      ---
      duration_ms: 1.645943
      type: 'test'
      ...
    # Subtest: every sample has license metadata
    ok 2 - every sample has license metadata
      ---
      duration_ms: 0.520301
      type: 'test'
      ...
    # Subtest: no sample has NC or ND licenses
    ok 3 - no sample has NC or ND licenses
      ---
      duration_ms: 0.288155
      type: 'test'
      ...
    # Subtest: every CC BY / CC BY-SA sample has attributionText
    ok 4 - every CC BY / CC BY-SA sample has attributionText
      ---
      duration_ms: 0.331777
      type: 'test'
      ...
    # Subtest: every external sample has source page URL and image URL
    ok 5 - every external sample has source page URL and image URL
      ---
      duration_ms: 0.26801
      type: 'test'
      ...
    # Subtest: every synthetic sample references a local public asset
    ok 6 - every synthetic sample references a local public asset
      ---
      duration_ms: 0.316547
      type: 'test'
      ...
    # Subtest: every sample has a non-empty title
    ok 7 - every sample has a non-empty title
      ---
      duration_ms: 0.328249
      type: 'test'
      ...
    # Subtest: every sample has expectedImageKind and expectedElementCategories
    not ok 8 - every sample has expectedImageKind and expectedElementCategories
      ---
      duration_ms: 3.314321
      type: 'test'
      location: '/app/applet/src/lib/visualAnalysis/publicSamples/registry.test.ts:1:2213'
      failureType: 'testCodeFailure'
      error: 'Missing expectedElementCategories for sample-bookshelf-1'
      code: 'ERR_ASSERTION'
      name: 'AssertionError'
      expected: true
      actual: false
      operator: '=='
      stack: |-
        TestContext.<anonymous> (/app/applet/src/lib/visualAnalysis/publicSamples/registry.test.ts:72:14)
        Test.runInAsyncScope (node:async_hooks:214:14)
        Test.run (node:internal/test_runner/test:1047:25)
        Suite.processPendingSubtests (node:internal/test_runner/test:744:18)
        Test.postRun (node:internal/test_runner/test:1173:19)
        Test.run (node:internal/test_runner/test:1101:12)
        async Suite.processPendingSubtests (node:internal/test_runner/test:744:7)
      ...
    # Subtest: expected labels are non-empty where applicable
    ok 9 - expected labels are non-empty where applicable
      ---
      duration_ms: 0.493826
      type: 'test'
      ...
    # Subtest: expected visible text is an array when present
    ok 10 - expected visible text is an array when present
      ---
      duration_ms: 0.823109
      type: 'test'
      ...
    # Subtest: every external sample uses HTTPS and an allowlisted host
    ok 11 - every external sample uses HTTPS and an allowlisted host
      ---
      duration_ms: 0.494939
      type: 'test'
      ...
    # Subtest: calibrates sample-plant-1 and sample-person-1 accurately
    ok 12 - calibrates sample-plant-1 and sample-person-1 accurately
      ---
      duration_ms: 1.833187
      type: 'test'
      ...
    # Subtest: verifies calibration of the five focus samples
    not ok 13 - verifies calibration of the five focus samples
      ---
      duration_ms: 18.258595
      type: 'test'
      location: '/app/applet/src/lib/visualAnalysis/publicSamples/registry.test.ts:1:5107'
      failureType: 'testCodeFailure'
      error: |-
        The expression evaluated to a falsy value:
        
          assert.ok(ticketSample.expectedVisibleText?.includes("TICKET"))
        
      code: 'ERR_ASSERTION'
      name: 'AssertionError'
      expected: true
      actual: false
      operator: '=='
      stack: |-
        TestContext.<anonymous> (/app/applet/src/lib/visualAnalysis/publicSamples/registry.test.ts:154:12)
        Test.runInAsyncScope (node:async_hooks:214:14)
        Test.run (node:internal/test_runner/test:1047:25)
        Suite.processPendingSubtests (node:internal/test_runner/test:744:18)
        Test.postRun (node:internal/test_runner/test:1173:19)
        Test.run (node:internal/test_runner/test:1101:12)
        async Suite.processPendingSubtests (node:internal/test_runner/test:744:7)
      ...
    1..13
not ok 83 - Public Visual Sample Registry
  ---
  duration_ms: 31.198804
  type: 'suite'
  location: '/app/applet/src/lib/visualAnalysis/publicSamples/registry.test.ts:1:112'
  failureType: 'subtestsFailed'
  error: '2 subtests failed'
  code: 'ERR_TEST_FAILURE'
  ...
# Subtest: Visual Analysis Report Classification Helpers
    # Subtest: should classify rate limit failures correctly using record-centric diagnostics
    ok 1 - should classify rate limit failures correctly using record-centric diagnostics
      ---
      duration_ms: 1.157908
      type: 'test'
      ...
    # Subtest: should classify explicit providerRateLimited failure
    ok 2 - should classify explicit providerRateLimited failure
      ---
      duration_ms: 0.229435
      type: 'test'
      ...
    1..2
ok 84 - Visual Analysis Report Classification Helpers
  ---
  duration_ms: 2.659103
  type: 'suite'
  ...
# Subtest: Record-centric counterConsistency and textHeavyEvaluation in reportBuilder
    # Subtest: buildBatchAnalysisBundleForChat includes counterConsistency, textHeavyEvaluation, and comparisonCoverage
    ok 1 - buildBatchAnalysisBundleForChat includes counterConsistency, textHeavyEvaluation, and comparisonCoverage
      ---
      duration_ms: 4.078447
      type: 'test'
      ...
    1..1
ok 85 - Record-centric counterConsistency and textHeavyEvaluation in reportBuilder
  ---
  duration_ms: 4.286828
  type: 'suite'
  ...
# Subtest: validateBatchRunInvariants (Record-centric & Strict Invariants)
    # Subtest: should pass on valid record-centric data
    ok 1 - should pass on valid record-centric data
      ---
      duration_ms: 0.594376
      type: 'test'
      ...
    # Subtest: should detect missing comparison object for success items with expectedMetadata
    ok 2 - should detect missing comparison object for success items with expectedMetadata
      ---
      duration_ms: 0.35047
      type: 'test'
      ...
    # Subtest: should detect invalid comparison reviewStatus
    ok 3 - should detect invalid comparison reviewStatus
      ---
      duration_ms: 0.624798
      type: 'test'
      ...
    # Subtest: should detect expectedMetadata.visibleText exists but comparison.coverage.visibleText is missing
    ok 4 - should detect expectedMetadata.visibleText exists but comparison.coverage.visibleText is missing
      ---
      duration_ms: 0.87746
      type: 'test'
      ...
    # Subtest: should detect record.technicalMetadata.processedByteLength exists but totalProcessedBytes is 0 at batch level
    ok 5 - should detect record.technicalMetadata.processedByteLength exists but totalProcessedBytes is 0 at batch level
      ---
      duration_ms: 0.630222
      type: 'test'
      ...
    1..5
ok 86 - validateBatchRunInvariants (Record-centric & Strict Invariants)
  ---
  duration_ms: 3.7947
  type: 'suite'
  ...
# Subtest: Legacy reportBuilder fallbacks and normalization
    # Subtest: normalizeLegacyBatchRunItem should successfully reconstruct record structure from responseRaw
    ok 1 - normalizeLegacyBatchRunItem should successfully reconstruct record structure from responseRaw
      ---
      duration_ms: 0.6383
      type: 'test'
      ...
    1..1
ok 87 - Legacy reportBuilder fallbacks and normalization
  ---
  duration_ms: 1.08935
  type: 'suite'
  ...
# Subtest: Comparison Record Consistency and Invariants
    # Subtest: should evaluate comparison consistency successfully
    ok 1 - should evaluate comparison consistency successfully
      ---
      duration_ms: 0.846443
      type: 'test'
      ...
    # Subtest: should detect suspicious all comparison fail invariant
    ok 2 - should detect suspicious all comparison fail invariant
      ---
      duration_ms: 0.53121
      type: 'test'
      ...
    1..2
ok 88 - Comparison Record Consistency and Invariants
  ---
  duration_ms: 1.634868
  type: 'suite'
  ...
# Subtest: Analysis Bundle Sanitization
    # Subtest: should generate a valid bundle and strip raw payload strings and success items
    ok 1 - should generate a valid bundle and strip raw payload strings and success items
      ---
      duration_ms: 33.011318
      type: 'test'
      ...
    1..1
ok 89 - Analysis Bundle Sanitization
  ---
  duration_ms: 33.189881
  type: 'suite'
  ...
# Subtest: validateBatchRunInvariants ignores missing items for partial/canceled jobs
ok 90 - validateBatchRunInvariants ignores missing items for partial/canceled jobs
  ---
  duration_ms: 0.661092
  type: 'test'
  ...
# Subtest: jobToSummary semantics for 1 success 1 fail
ok 91 - jobToSummary semantics for 1 success 1 fail
  ---
  duration_ms: 1.442383
  type: 'test'
  ...
# Subtest: suspiciousAllComparisonFail is false for 1 success (warning) and 1 failure
ok 92 - suspiciousAllComparisonFail is false for 1 success (warning) and 1 failure
  ---
  duration_ms: 5.550164
  type: 'test'
  ...
# Subtest: suspiciousAllComparisonFail is true only when all successful items fail
ok 93 - suspiciousAllComparisonFail is true only when all successful items fail
  ---
  duration_ms: 1.149219
  type: 'test'
  ...
# Subtest: gemini 500 INTERNAL with retryInternalErrors: false
ok 94 - gemini 500 INTERNAL with retryInternalErrors: false
  ---
  duration_ms: 579.813358
  type: 'test'
  ...
# Subtest: comparison coverage scoping excludes generation failures from missing comparison counts
ok 95 - comparison coverage scoping excludes generation failures from missing comparison counts
  ---
  duration_ms: 0.542581
  type: 'test'
  ...
# Subtest: expanded image input appears in expansion metrics
ok 96 - expanded image input appears in expansion metrics
  ---
  duration_ms: 0.546642
  type: 'test'
  ...
# Subtest: Public Visual Sample Fetcher
    # Subtest: should resolve local fixture
    ok 1 - should resolve local fixture
      ---
      duration_ms: 55.642311
      type: 'test'
      ...
    # Subtest: should verify cache layer and tracking
    ok 2 - should verify cache layer and tracking
      ---
      duration_ms: 1.073933
      type: 'test'
      ...
    # Subtest: should deduplicate concurrent fetches
    ok 3 - should deduplicate concurrent fetches
      ---
      duration_ms: 168.673057
      type: 'test'
      ...
    # Subtest: should throw for unknown sample
    ok 4 - should throw for unknown sample
      ---
      duration_ms: 0.952033
      type: 'test'
      ...
    1..4
ok 97 - Public Visual Sample Fetcher
  ---
  duration_ms: 228.267908
  type: 'suite'
  ...
# Subtest: evaluateVisualAnalysisQuality
    # Subtest: should mark experimental models
    ok 1 - should mark experimental models
      ---
      duration_ms: 2.089588
      type: 'test'
      ...
    # Subtest: should warn on unknown kind
    ok 2 - should warn on unknown kind
      ---
      duration_ms: 0.347803
      type: 'test'
      ...
    # Subtest: should warn on no landscape elements in landscape photo
    ok 3 - should warn on no landscape elements in landscape photo
      ---
      duration_ms: 0.266633
      type: 'test'
      ...
    # Subtest: should NOT warn on no landscape elements in natural photo
    ok 4 - should NOT warn on no landscape elements in natural photo
      ---
      duration_ms: 0.243914
      type: 'test'
      ...
    # Subtest: should mark invalid on missing description
    ok 5 - should mark invalid on missing description
      ---
      duration_ms: 0.255155
      type: 'test'
      ...
    # Subtest: should penalize short caption
    ok 6 - should penalize short caption
      ---
      duration_ms: 0.270391
      type: 'test'
      ...
    # Subtest: should warn on no product elements in product photo
    ok 7 - should warn on no product elements in product photo
      ---
      duration_ms: 0.27568
      type: 'test'
      ...
    # Subtest: should not warn on NO_PRODUCT_ELEMENTS if tool element is in product photo
    ok 8 - should not warn on NO_PRODUCT_ELEMENTS if tool element is in product photo
      ---
      duration_ms: 0.32955
      type: 'test'
      ...
    # Subtest: should not warn on NO_PRODUCT_ELEMENTS if furniture element is in product photo
    ok 9 - should not warn on NO_PRODUCT_ELEMENTS if furniture element is in product photo
      ---
      duration_ms: 0.526874
      type: 'test'
      ...
    # Subtest: should not warn on NO_PRODUCT_ELEMENTS if productPackage element is in packageImage
    ok 10 - should not warn on NO_PRODUCT_ELEMENTS if productPackage element is in packageImage
      ---
      duration_ms: 0.97498
      type: 'test'
      ...
    # Subtest: should warn on missing keywords
    ok 11 - should warn on missing keywords
      ---
      duration_ms: 0.385649
      type: 'test'
      ...
    # Subtest: should info on possible visible text missing
    ok 12 - should info on possible visible text missing
      ---
      duration_ms: 0.38274
      type: 'test'
      ...
    # Subtest: should not warn on possible visible text missing if visible text is present
    ok 13 - should not warn on possible visible text missing if visible text is present
      ---
      duration_ms: 0.401619
      type: 'test'
      ...
    # Subtest: should info on possible attributes missing for products
    ok 14 - should info on possible attributes missing for products
      ---
      duration_ms: 0.313938
      type: 'test'
      ...
    # Subtest: should not info on missing attributes for non-products
    ok 15 - should not info on missing attributes for non-products
      ---
      duration_ms: 0.285164
      type: 'test'
      ...
    1..15
ok 98 - evaluateVisualAnalysisQuality
  ---
  duration_ms: 9.82588
  type: 'suite'
  ...
# Subtest: evaluateVisualAnalysisQuality extra cases
    # Subtest: non-text-heavy image with unindexed text produces VISIBLE_TEXT_PRESENT_BUT_NOT_KEYWORD
    ok 1 - non-text-heavy image with unindexed text produces VISIBLE_TEXT_PRESENT_BUT_NOT_KEYWORD
      ---
      duration_ms: 0.536494
      type: 'test'
      ...
    # Subtest: text-heavy image with unindexed text produces VISIBLE_TEXT_NOT_INDEXED
    ok 2 - text-heavy image with unindexed text produces VISIBLE_TEXT_NOT_INDEXED
      ---
      duration_ms: 0.312737
      type: 'test'
      ...
    # Subtest: recommended Gemini + promptedJson produces PROMPTED_JSON_MODE
    ok 3 - recommended Gemini + promptedJson produces PROMPTED_JSON_MODE
      ---
      duration_ms: 0.357869
      type: 'test'
      ...
    1..3
ok 99 - evaluateVisualAnalysisQuality extra cases
  ---
  duration_ms: 1.595675
  type: 'suite'
  ...
# Subtest: safeFetch
    # Subtest: classifies Starting Server HTML as transient startup HTML
    ok 1 - classifies Starting Server HTML as transient startup HTML
      ---
      duration_ms: 98.082108
      type: 'test'
      ...
    # Subtest: does not classify unrelated HTML as transient
    ok 2 - does not classify unrelated HTML as transient
      ---
      duration_ms: 0.647828
      type: 'test'
      ...
    # Subtest: parses valid JSON response
    ok 3 - parses valid JSON response
      ---
      duration_ms: 2.037003
      type: 'test'
      ...
    # Subtest: returns invalidJsonResponse on bad JSON
    ok 4 - returns invalidJsonResponse on bad JSON
      ---
      duration_ms: 0.551388
      type: 'test'
      ...
    # Subtest: classifies HTTP 429 response as rateLimited and parses Retry-After header
    ok 5 - classifies HTTP 429 response as rateLimited and parses Retry-After header
      ---
      duration_ms: 0.57464
      type: 'test'
      ...
    1..5
ok 100 - safeFetch
  ---
  duration_ms: 103.607659
  type: 'suite'
  ...
# Subtest: safeFetchWithRetry
    # Subtest: retries on transient startup HTML and succeeds
    ok 1 - retries on transient startup HTML and succeeds
      ---
      duration_ms: 12.30682
      type: 'test'
      ...
    # Subtest: exhausts retries on persistent transient startup HTML
    ok 2 - exhausts retries on persistent transient startup HTML
      ---
      duration_ms: 27.216286
      type: 'test'
      ...
    # Subtest: does not retry on unrelated HTML
    ok 3 - does not retry on unrelated HTML
      ---
      duration_ms: 1.545274
      type: 'test'
      ...
    # Subtest: retries on HTTP 429 and respects Retry-After delay
    ok 4 - retries on HTTP 429 and respects Retry-After delay
      ---
      duration_ms: 1003.3832
      type: 'test'
      ...
    1..4
ok 101 - safeFetchWithRetry
  ---
  duration_ms: 1045.84634
  type: 'suite'
  ...
# Subtest: Visual Schema Consistency
    # Subtest: should have matching enums between TypeScript and JSON Schema
    ok 1 - should have matching enums between TypeScript and JSON Schema
      ---
      duration_ms: 2.957402
      type: 'test'
      ...
    1..1
ok 102 - Visual Schema Consistency
  ---
  duration_ms: 4.222468
  type: 'suite'
  ...
# Subtest: jobToSummary handles partial running job
ok 103 - jobToSummary handles partial running job
  ---
  duration_ms: 2.049926
  type: 'test'
  ...
# Subtest: jobToSummary handles canceled job
ok 104 - jobToSummary handles canceled job
  ---
  duration_ms: 0.509366
  type: 'test'
  ...
# Subtest: validateVisualAnalysis
    # Subtest: should fail on missing schemaVersion
    ok 1 - should fail on missing schemaVersion
      ---
      duration_ms: 1.667647
      type: 'test'
      ...
    # Subtest: should validate a correct result
    ok 2 - should validate a correct result
      ---
      duration_ms: 0.266337
      type: 'test'
      ...
    # Subtest: should validate a correct result with v0.2.0 and new contexts
    ok 3 - should validate a correct result with v0.2.0 and new contexts
      ---
      duration_ms: 0.23228
      type: 'test'
      ...
    # Subtest: should fail on invalid context fields
    ok 4 - should fail on invalid context fields
      ---
      duration_ms: 0.479671
      type: 'test'
      ...
    # Subtest: should fail on invalid confidence values
    ok 5 - should fail on invalid confidence values
      ---
      duration_ms: 0.304777
      type: 'test'
      ...
    # Subtest: should fail on missing required summary fields
    ok 6 - should fail on missing required summary fields
      ---
      duration_ms: 0.282355
      type: 'test'
      ...
    1..6
ok 105 - validateVisualAnalysis
  ---
  duration_ms: 4.888006
  type: 'suite'
  ...
# ◇ injected env (0) from .env // tip: ◈ encrypted .env [www.dotenvx.com]
# Subtest: Analyze Image Endpoint
    # Subtest: should return 401 if Authorization header is missing
    ok 1 - should return 401 if Authorization header is missing
      ---
      duration_ms: 4135.783236
      type: 'test'
      ...
    # Subtest: should return 400 if fileId is missing
    ok 2 - should return 400 if fileId is missing
      ---
      duration_ms: 77.014536
      type: 'test'
      ...
    # Subtest: should return 400 if model is unsupported
    ok 3 - should return 400 if model is unsupported
      ---
      duration_ms: 10.901764
      type: 'test'
      ...
    1..3
ok 106 - Analyze Image Endpoint
  ---
  duration_ms: 4227.382242
  type: 'suite'
  ...
1..106
# tests 312
# suites 44
# pass 310
# fail 2
# cancelled 0
# skipped 0
# todo 0
# duration_ms 50165.498926
